2026-03-24 16:44:44,204 - INFO - start training
2026-03-24 16:44:44,205 - INFO - device=cpu, epochs=200, batch_size=128, lr=0.001, max_seq_len=200, hidden_dim=50, num_blocks=2, dropout=0.2, share_item_emb=True
2026-03-24 16:45:44,020 - INFO - epoch=1 train_loss=6.202179 valid_recall@10=0.105132 valid_ndcg@10=0.048482 time=59.81s
2026-03-24 16:45:44,030 - INFO - new best valid_recall@10=0.105132, valid_ndcg@10=0.048482, model saved to /Users/Zhuanz/Downloads/Recommand-System/项目/经典模型/sasrec/ml-1m/best_sasrec.pt
2026-03-24 16:46:43,887 - INFO - epoch=2 train_loss=5.361046 valid_recall@10=0.141556 valid_ndcg@10=0.066010 time=59.86s
2026-03-24 16:46:43,897 - INFO - new best valid_recall@10=0.141556, valid_ndcg@10=0.066010, model saved to /Users/Zhuanz/Downloads/Recommand-System/项目/经典模型/sasrec/ml-1m/best_sasrec.pt
2026-03-24 16:47:42,639 - INFO - epoch=3 train_loss=4.180371 valid_recall@10=0.179967 valid_ndcg@10=0.084428 time=58.74s
2026-03-24 16:47:42,649 - INFO - new best valid_recall@10=0.179967, valid_ndcg@10=0.084428, model saved to /Users/Zhuanz/Downloads/Recommand-System/项目/经典模型/sasrec/ml-1m/best_sasrec.pt
2026-03-24 16:48:41,330 - INFO - epoch=4 train_loss=3.164361 valid_recall@10=0.213907 valid_ndcg@10=0.102194 time=58.68s
2026-03-24 16:48:41,342 - INFO - new best valid_recall@10=0.213907, valid_ndcg@10=0.102194, model saved to /Users/Zhuanz/Downloads/Recommand-System/项目/经典模型/sasrec/ml-1m/best_sasrec.pt
2026-03-24 16:49:39,794 - INFO - epoch=5 train_loss=2.594732 valid_recall@10=0.247351 valid_ndcg@10=0.120960 time=58.45s
2026-03-24 16:49:39,799 - INFO - new best valid_recall@10=0.247351, valid_ndcg@10=0.120960, model saved to /Users/Zhuanz/Downloads/Recommand-System/项目/经典模型/sasrec/ml-1m/best_sasrec.pt
2026-03-24 16:50:38,998 - INFO - epoch=6 train_loss=2.238800 valid_recall@10=0.281126 valid_ndcg@10=0.139604 time=59.20s
2026-03-24 16:50:39,002 - INFO - new best valid_recall@10=0.281126, valid_ndcg@10=0.139604, model saved to /Users/Zhuanz/Downloads/Recommand-System/项目/经典模型/sasrec/ml-1m/best_sasrec.pt
2026-03-24 16:51:38,412 - INFO - epoch=7 train_loss=1.999221 valid_recall@10=0.311921 valid_ndcg@10=0.157338 time=59.41s
2026-03-24 16:51:38,420 - INFO - new best valid_recall@10=0.311921, valid_ndcg@10=0.157338, model saved to /Users/Zhuanz/Downloads/Recommand-System/项目/经典模型/sasrec/ml-1m/best_sasrec.pt
2026-03-24 16:52:37,354 - INFO - epoch=8 train_loss=1.831900 valid_recall@10=0.341556 valid_ndcg@10=0.173764 time=58.93s
2026-03-24 16:52:37,367 - INFO - new best valid_recall@10=0.341556, valid_ndcg@10=0.173764, model saved to /Users/Zhuanz/Downloads/Recommand-System/项目/经典模型/sasrec/ml-1m/best_sasrec.pt
2026-03-24 16:53:36,631 - INFO - epoch=9 train_loss=1.717313 valid_recall@10=0.355132 valid_ndcg@10=0.183759 time=59.26s
2026-03-24 16:53:36,638 - INFO - new best valid_recall@10=0.355132, valid_ndcg@10=0.183759, model saved to /Users/Zhuanz/Downloads/Recommand-System/项目/经典模型/sasrec/ml-1m/best_sasrec.pt
2026-03-24 16:54:35,840 - INFO - epoch=10 train_loss=1.635324 valid_recall@10=0.374503 valid_ndcg@10=0.193133 time=59.20s
2026-03-24 16:54:35,847 - INFO - new best valid_recall@10=0.374503, valid_ndcg@10=0.193133, model saved to /Users/Zhuanz/Downloads/Recommand-System/项目/经典模型/sasrec/ml-1m/best_sasrec.pt
2026-03-24 16:55:35,081 - INFO - epoch=11 train_loss=1.574427 valid_recall@10=0.384437 valid_ndcg@10=0.202700 time=59.23s
2026-03-24 16:55:35,088 - INFO - new best valid_recall@10=0.384437, valid_ndcg@10=0.202700, model saved to /Users/Zhuanz/Downloads/Recommand-System/项目/经典模型/sasrec/ml-1m/best_sasrec.pt
2026-03-24 16:56:34,491 - INFO - epoch=12 train_loss=1.526930 valid_recall@10=0.391391 valid_ndcg@10=0.204161 time=59.40s
2026-03-24 16:56:34,503 - INFO - new best valid_recall@10=0.391391, valid_ndcg@10=0.204161, model saved to /Users/Zhuanz/Downloads/Recommand-System/项目/经典模型/sasrec/ml-1m/best_sasrec.pt
2026-03-24 16:57:33,218 - INFO - epoch=13 train_loss=1.486448 valid_recall@10=0.393874 valid_ndcg@10=0.207090 time=58.71s
2026-03-24 16:57:33,229 - INFO - new best valid_recall@10=0.393874, valid_ndcg@10=0.207090, model saved to /Users/Zhuanz/Downloads/Recommand-System/项目/经典模型/sasrec/ml-1m/best_sasrec.pt
2026-03-24 16:58:33,052 - INFO - epoch=14 train_loss=1.451533 valid_recall@10=0.399338 valid_ndcg@10=0.210206 time=59.82s
2026-03-24 16:58:33,060 - INFO - new best valid_recall@10=0.399338, valid_ndcg@10=0.210206, model saved to /Users/Zhuanz/Downloads/Recommand-System/项目/经典模型/sasrec/ml-1m/best_sasrec.pt
2026-03-24 16:59:32,380 - INFO - epoch=15 train_loss=1.422781 valid_recall@10=0.405795 valid_ndcg@10=0.213489 time=59.32s
2026-03-24 16:59:32,392 - INFO - new best valid_recall@10=0.405795, valid_ndcg@10=0.213489, model saved to /Users/Zhuanz/Downloads/Recommand-System/项目/经典模型/sasrec/ml-1m/best_sasrec.pt
2026-03-24 17:00:31,226 - INFO - epoch=16 train_loss=1.395981 valid_recall@10=0.403311 valid_ndcg@10=0.214493 time=58.83s
2026-03-24 17:00:31,227 - INFO - no improvement, wait=1/3
2026-03-24 17:01:29,982 - INFO - epoch=17 train_loss=1.369446 valid_recall@10=0.410099 valid_ndcg@10=0.214233 time=58.76s
2026-03-24 17:01:29,991 - INFO - new best valid_recall@10=0.410099, valid_ndcg@10=0.214233, model saved to /Users/Zhuanz/Downloads/Recommand-System/项目/经典模型/sasrec/ml-1m/best_sasrec.pt
2026-03-24 17:02:28,840 - INFO - epoch=18 train_loss=1.345806 valid_recall@10=0.404967 valid_ndcg@10=0.215731 time=58.85s
2026-03-24 17:02:28,841 - INFO - no improvement, wait=1/3
2026-03-24 17:03:27,768 - INFO - epoch=19 train_loss=1.320510 valid_recall@10=0.411589 valid_ndcg@10=0.220347 time=58.93s
2026-03-24 17:03:27,777 - INFO - new best valid_recall@10=0.411589, valid_ndcg@10=0.220347, model saved to /Users/Zhuanz/Downloads/Recommand-System/项目/经典模型/sasrec/ml-1m/best_sasrec.pt
2026-03-24 17:04:26,228 - INFO - epoch=20 train_loss=1.300034 valid_recall@10=0.411921 valid_ndcg@10=0.219266 time=58.45s
2026-03-24 17:04:26,246 - INFO - new best valid_recall@10=0.411921, valid_ndcg@10=0.219266, model saved to /Users/Zhuanz/Downloads/Recommand-System/项目/经典模型/sasrec/ml-1m/best_sasrec.pt
2026-03-24 17:05:25,155 - INFO - epoch=21 train_loss=1.276283 valid_recall@10=0.407119 valid_ndcg@10=0.218742 time=58.91s
2026-03-24 17:05:25,155 - INFO - no improvement, wait=1/3
2026-03-24 17:06:24,048 - INFO - epoch=22 train_loss=1.258174 valid_recall@10=0.413411 valid_ndcg@10=0.221061 time=58.89s
2026-03-24 17:06:24,057 - INFO - new best valid_recall@10=0.413411, valid_ndcg@10=0.221061, model saved to /Users/Zhuanz/Downloads/Recommand-System/项目/经典模型/sasrec/ml-1m/best_sasrec.pt
2026-03-24 17:07:22,633 - INFO - epoch=23 train_loss=1.240094 valid_recall@10=0.410596 valid_ndcg@10=0.219371 time=58.57s
2026-03-24 17:07:22,634 - INFO - no improvement, wait=1/3
2026-03-24 17:08:21,300 - INFO - epoch=24 train_loss=1.224132 valid_recall@10=0.417715 valid_ndcg@10=0.220782 time=58.67s
2026-03-24 17:08:21,314 - INFO - new best valid_recall@10=0.417715, valid_ndcg@10=0.220782, model saved to /Users/Zhuanz/Downloads/Recommand-System/项目/经典模型/sasrec/ml-1m/best_sasrec.pt
2026-03-24 17:09:19,761 - INFO - epoch=25 train_loss=1.209608 valid_recall@10=0.412417 valid_ndcg@10=0.223779 time=58.45s
2026-03-24 17:09:19,761 - INFO - no improvement, wait=1/3
2026-03-24 17:10:18,300 - INFO - epoch=26 train_loss=1.194120 valid_recall@10=0.413411 valid_ndcg@10=0.220938 time=58.54s
2026-03-24 17:10:18,300 - INFO - no improvement, wait=2/3
2026-03-24 17:11:16,727 - INFO - epoch=27 train_loss=1.181480 valid_recall@10=0.411921 valid_ndcg@10=0.222567 time=58.43s
2026-03-24 17:11:16,727 - INFO - no improvement, wait=3/3
2026-03-24 17:11:16,727 - INFO - early stopping triggered
2026-03-24 17:11:16,730 - INFO - load best model with valid_recall@10=0.417715, valid_ndcg@10=0.220782
2026-03-24 17:11:42,495 - INFO - test_recall@10=0.413411 test_ndcg@10=0.225143
2026-03-24 17:11:42,503 - INFO - final model saved to /Users/Zhuanz/Downloads/Recommand-System/项目/经典模型/sasrec/ml-1m/sasrec.pt
2026-03-24 17:11:42,503 - INFO - training finished
2026-03-24 17:25:07,933 - INFO - start training
2026-03-24 17:25:07,933 - INFO - device=cpu, epochs=200, batch_size=128, lr=0.001, max_seq_len=200, hidden_dim=50, num_blocks=2, dropout=0.2, share_item_emb=True
2026-03-24 17:26:06,299 - INFO - epoch=1 train_loss=6.246637 valid_recall@10=0.095364 valid_ndcg@10=0.042406 time=58.37s
2026-03-24 17:26:06,309 - INFO - new best valid_recall@10=0.095364, valid_ndcg@10=0.042406, model saved to /Users/Zhuanz/Downloads/Recommand-System/项目/经典模型/sasrec/ml-1m/best_sasrec.pt
2026-03-24 17:27:05,269 - INFO - epoch=2 train_loss=5.485990 valid_recall@10=0.139404 valid_ndcg@10=0.067032 time=58.96s
2026-03-24 17:27:05,279 - INFO - new best valid_recall@10=0.139404, valid_ndcg@10=0.067032, model saved to /Users/Zhuanz/Downloads/Recommand-System/项目/经典模型/sasrec/ml-1m/best_sasrec.pt
2026-03-24 17:28:04,272 - INFO - epoch=3 train_loss=3.964245 valid_recall@10=0.174172 valid_ndcg@10=0.083756 time=58.99s
2026-03-24 17:28:04,276 - INFO - new best valid_recall@10=0.174172, valid_ndcg@10=0.083756, model saved to /Users/Zhuanz/Downloads/Recommand-System/项目/经典模型/sasrec/ml-1m/best_sasrec.pt
2026-03-24 17:29:05,915 - INFO - epoch=4 train_loss=2.985193 valid_recall@10=0.206788 valid_ndcg@10=0.099451 time=61.64s
2026-03-24 17:29:05,918 - INFO - new best valid_recall@10=0.206788, valid_ndcg@10=0.099451, model saved to /Users/Zhuanz/Downloads/Recommand-System/项目/经典模型/sasrec/ml-1m/best_sasrec.pt
2026-03-24 17:30:07,067 - INFO - epoch=5 train_loss=2.429426 valid_recall@10=0.243212 valid_ndcg@10=0.118351 time=61.15s
2026-03-24 17:30:07,069 - INFO - new best valid_recall@10=0.243212, valid_ndcg@10=0.118351, model saved to /Users/Zhuanz/Downloads/Recommand-System/项目/经典模型/sasrec/ml-1m/best_sasrec.pt
2026-03-24 17:31:08,537 - INFO - epoch=6 train_loss=2.092191 valid_recall@10=0.282947 valid_ndcg@10=0.138568 time=61.47s
2026-03-24 17:31:08,541 - INFO - new best valid_recall@10=0.282947, valid_ndcg@10=0.138568, model saved to /Users/Zhuanz/Downloads/Recommand-System/项目/经典模型/sasrec/ml-1m/best_sasrec.pt
2026-03-24 17:32:10,123 - INFO - epoch=7 train_loss=1.879985 valid_recall@10=0.320695 valid_ndcg@10=0.159466 time=61.58s
2026-03-24 17:32:10,126 - INFO - new best valid_recall@10=0.320695, valid_ndcg@10=0.159466, model saved to /Users/Zhuanz/Downloads/Recommand-System/项目/经典模型/sasrec/ml-1m/best_sasrec.pt
2026-03-24 17:33:11,098 - INFO - epoch=8 train_loss=1.729193 valid_recall@10=0.350662 valid_ndcg@10=0.177357 time=60.97s
2026-03-24 17:33:11,100 - INFO - new best valid_recall@10=0.350662, valid_ndcg@10=0.177357, model saved to /Users/Zhuanz/Downloads/Recommand-System/项目/经典模型/sasrec/ml-1m/best_sasrec.pt
2026-03-24 17:34:11,788 - INFO - epoch=9 train_loss=1.619518 valid_recall@10=0.366887 valid_ndcg@10=0.188676 time=60.69s
2026-03-24 17:34:11,791 - INFO - new best valid_recall@10=0.366887, valid_ndcg@10=0.188676, model saved to /Users/Zhuanz/Downloads/Recommand-System/项目/经典模型/sasrec/ml-1m/best_sasrec.pt
2026-03-24 17:35:11,160 - INFO - epoch=10 train_loss=1.540788 valid_recall@10=0.384768 valid_ndcg@10=0.196969 time=59.37s
2026-03-24 17:35:11,172 - INFO - new best valid_recall@10=0.384768, valid_ndcg@10=0.196969, model saved to /Users/Zhuanz/Downloads/Recommand-System/项目/经典模型/sasrec/ml-1m/best_sasrec.pt
2026-03-24 17:36:09,711 - INFO - epoch=11 train_loss=1.481514 valid_recall@10=0.390563 valid_ndcg@10=0.204876 time=58.54s
2026-03-24 17:36:09,716 - INFO - new best valid_recall@10=0.390563, valid_ndcg@10=0.204876, model saved to /Users/Zhuanz/Downloads/Recommand-System/项目/经典模型/sasrec/ml-1m/best_sasrec.pt
2026-03-24 17:37:08,726 - INFO - epoch=12 train_loss=1.435273 valid_recall@10=0.390563 valid_ndcg@10=0.204599 time=59.01s
2026-03-24 17:37:08,727 - INFO - no improvement, wait=1/3
2026-03-24 17:38:07,346 - INFO - epoch=13 train_loss=1.401493 valid_recall@10=0.395861 valid_ndcg@10=0.208337 time=58.62s
2026-03-24 17:38:07,351 - INFO - new best valid_recall@10=0.395861, valid_ndcg@10=0.208337, model saved to /Users/Zhuanz/Downloads/Recommand-System/项目/经典模型/sasrec/ml-1m/best_sasrec.pt
2026-03-24 17:39:06,257 - INFO - epoch=14 train_loss=1.371906 valid_recall@10=0.404305 valid_ndcg@10=0.212390 time=58.91s
2026-03-24 17:39:06,266 - INFO - new best valid_recall@10=0.404305, valid_ndcg@10=0.212390, model saved to /Users/Zhuanz/Downloads/Recommand-System/项目/经典模型/sasrec/ml-1m/best_sasrec.pt
2026-03-24 17:40:05,975 - INFO - epoch=15 train_loss=1.349677 valid_recall@10=0.404305 valid_ndcg@10=0.213893 time=59.71s
2026-03-24 17:40:05,975 - INFO - no improvement, wait=1/3
2026-03-24 17:41:06,215 - INFO - epoch=16 train_loss=1.329851 valid_recall@10=0.403477 valid_ndcg@10=0.214595 time=60.24s
2026-03-24 17:41:06,216 - INFO - no improvement, wait=2/3
2026-03-24 17:42:05,339 - INFO - epoch=17 train_loss=1.313088 valid_recall@10=0.409106 valid_ndcg@10=0.214049 time=59.12s
2026-03-24 17:42:05,351 - INFO - new best valid_recall@10=0.409106, valid_ndcg@10=0.214049, model saved to /Users/Zhuanz/Downloads/Recommand-System/项目/经典模型/sasrec/ml-1m/best_sasrec.pt
2026-03-24 17:43:04,093 - INFO - epoch=18 train_loss=1.296553 valid_recall@10=0.403311 valid_ndcg@10=0.215948 time=58.74s
2026-03-24 17:43:04,093 - INFO - no improvement, wait=1/3
2026-03-24 17:44:05,193 - INFO - epoch=19 train_loss=1.278936 valid_recall@10=0.410099 valid_ndcg@10=0.221310 time=61.10s
2026-03-24 17:44:05,204 - INFO - new best valid_recall@10=0.410099, valid_ndcg@10=0.221310, model saved to /Users/Zhuanz/Downloads/Recommand-System/项目/经典模型/sasrec/ml-1m/best_sasrec.pt
2026-03-24 17:45:04,760 - INFO - epoch=20 train_loss=1.265991 valid_recall@10=0.411258 valid_ndcg@10=0.219988 time=59.56s
2026-03-24 17:45:04,765 - INFO - new best valid_recall@10=0.411258, valid_ndcg@10=0.219988, model saved to /Users/Zhuanz/Downloads/Recommand-System/项目/经典模型/sasrec/ml-1m/best_sasrec.pt
2026-03-24 17:46:03,962 - INFO - epoch=21 train_loss=1.249981 valid_recall@10=0.407285 valid_ndcg@10=0.218795 time=59.20s
2026-03-24 17:46:03,962 - INFO - no improvement, wait=1/3
2026-03-24 17:47:03,192 - INFO - epoch=22 train_loss=1.238897 valid_recall@10=0.414238 valid_ndcg@10=0.221404 time=59.23s
2026-03-24 17:47:03,198 - INFO - new best valid_recall@10=0.414238, valid_ndcg@10=0.221404, model saved to /Users/Zhuanz/Downloads/Recommand-System/项目/经典模型/sasrec/ml-1m/best_sasrec.pt
2026-03-24 17:48:02,694 - INFO - epoch=23 train_loss=1.225782 valid_recall@10=0.414404 valid_ndcg@10=0.219908 time=59.50s
2026-03-24 17:48:02,699 - INFO - new best valid_recall@10=0.414404, valid_ndcg@10=0.219908, model saved to /Users/Zhuanz/Downloads/Recommand-System/项目/经典模型/sasrec/ml-1m/best_sasrec.pt
2026-03-24 17:49:01,159 - INFO - epoch=24 train_loss=1.215938 valid_recall@10=0.416060 valid_ndcg@10=0.220517 time=58.46s
2026-03-24 17:49:01,166 - INFO - new best valid_recall@10=0.416060, valid_ndcg@10=0.220517, model saved to /Users/Zhuanz/Downloads/Recommand-System/项目/经典模型/sasrec/ml-1m/best_sasrec.pt
2026-03-24 17:50:00,401 - INFO - epoch=25 train_loss=1.205629 valid_recall@10=0.411589 valid_ndcg@10=0.224143 time=59.24s
2026-03-24 17:50:00,402 - INFO - no improvement, wait=1/3
2026-03-24 18:27:26,294 - INFO - start training
2026-03-24 18:27:26,294 - INFO - device=cpu, epochs=200, batch_size=128, lr=0.001, max_seq_len=200, hidden_dim=50, num_blocks=2, dropout=0.2, share_item_emb=True
2026-03-24 18:28:08,236 - INFO - epoch=1 train_loss=6.246637 valid_recall@10=0.094205 valid_ndcg@10=0.043157 time=41.94s
2026-03-24 18:28:08,241 - INFO - new best valid_recall@10=0.094205, valid_ndcg@10=0.043157, model saved to /Users/Zhuanz/Downloads/Recommand-System/项目/经典模型/sasrec/ml-1m/best_sasrec.pt
2026-03-24 18:28:50,052 - INFO - epoch=2 train_loss=5.485990 valid_recall@10=0.143212 valid_ndcg@10=0.068709 time=41.81s
2026-03-24 18:28:50,055 - INFO - new best valid_recall@10=0.143212, valid_ndcg@10=0.068709, model saved to /Users/Zhuanz/Downloads/Recommand-System/项目/经典模型/sasrec/ml-1m/best_sasrec.pt
2026-03-24 18:29:31,336 - INFO - epoch=3 train_loss=3.964245 valid_recall@10=0.173013 valid_ndcg@10=0.082624 time=41.28s
2026-03-24 18:29:31,339 - INFO - new best valid_recall@10=0.173013, valid_ndcg@10=0.082624, model saved to /Users/Zhuanz/Downloads/Recommand-System/项目/经典模型/sasrec/ml-1m/best_sasrec.pt
2026-03-24 18:30:13,934 - INFO - epoch=4 train_loss=2.985193 valid_recall@10=0.203146 valid_ndcg@10=0.097718 time=42.59s
2026-03-24 18:30:13,936 - INFO - new best valid_recall@10=0.203146, valid_ndcg@10=0.097718, model saved to /Users/Zhuanz/Downloads/Recommand-System/项目/经典模型/sasrec/ml-1m/best_sasrec.pt
2026-03-24 18:30:55,855 - INFO - epoch=5 train_loss=2.429426 valid_recall@10=0.243212 valid_ndcg@10=0.117164 time=41.92s
2026-03-24 18:30:55,860 - INFO - new best valid_recall@10=0.243212, valid_ndcg@10=0.117164, model saved to /Users/Zhuanz/Downloads/Recommand-System/项目/经典模型/sasrec/ml-1m/best_sasrec.pt
2026-03-24 18:31:38,587 - INFO - epoch=6 train_loss=2.092191 valid_recall@10=0.283444 valid_ndcg@10=0.137883 time=42.73s
2026-03-24 18:31:38,591 - INFO - new best valid_recall@10=0.283444, valid_ndcg@10=0.137883, model saved to /Users/Zhuanz/Downloads/Recommand-System/项目/经典模型/sasrec/ml-1m/best_sasrec.pt
2026-03-24 18:32:21,959 - INFO - epoch=7 train_loss=1.879985 valid_recall@10=0.319371 valid_ndcg@10=0.157983 time=43.37s
2026-03-24 18:32:21,962 - INFO - new best valid_recall@10=0.319371, valid_ndcg@10=0.157983, model saved to /Users/Zhuanz/Downloads/Recommand-System/项目/经典模型/sasrec/ml-1m/best_sasrec.pt
2026-03-24 18:33:04,664 - INFO - epoch=8 train_loss=1.729193 valid_recall@10=0.347682 valid_ndcg@10=0.176179 time=42.70s
2026-03-24 18:33:04,668 - INFO - new best valid_recall@10=0.347682, valid_ndcg@10=0.176179, model saved to /Users/Zhuanz/Downloads/Recommand-System/项目/经典模型/sasrec/ml-1m/best_sasrec.pt
2026-03-24 18:33:47,372 - INFO - epoch=9 train_loss=1.619518 valid_recall@10=0.368377 valid_ndcg@10=0.188990 time=42.70s
2026-03-24 18:33:47,375 - INFO - new best valid_recall@10=0.368377, valid_ndcg@10=0.188990, model saved to /Users/Zhuanz/Downloads/Recommand-System/项目/经典模型/sasrec/ml-1m/best_sasrec.pt
2026-03-24 18:34:30,255 - INFO - epoch=10 train_loss=1.540788 valid_recall@10=0.380298 valid_ndcg@10=0.198825 time=42.88s
2026-03-24 18:34:30,257 - INFO - new best valid_recall@10=0.380298, valid_ndcg@10=0.198825, model saved to /Users/Zhuanz/Downloads/Recommand-System/项目/经典模型/sasrec/ml-1m/best_sasrec.pt
2026-03-24 18:35:12,904 - INFO - epoch=11 train_loss=1.481514 valid_recall@10=0.387252 valid_ndcg@10=0.203880 time=42.65s
2026-03-24 18:35:12,906 - INFO - new best valid_recall@10=0.387252, valid_ndcg@10=0.203880, model saved to /Users/Zhuanz/Downloads/Recommand-System/项目/经典模型/sasrec/ml-1m/best_sasrec.pt
2026-03-24 18:35:55,103 - INFO - epoch=12 train_loss=1.435273 valid_recall@10=0.392053 valid_ndcg@10=0.208381 time=42.20s
2026-03-24 18:35:55,105 - INFO - new best valid_recall@10=0.392053, valid_ndcg@10=0.208381, model saved to /Users/Zhuanz/Downloads/Recommand-System/项目/经典模型/sasrec/ml-1m/best_sasrec.pt
2026-03-24 18:42:49,062 - INFO - start training
2026-03-24 18:42:49,062 - INFO - device=cpu, epochs=200, batch_size=128, lr=0.001, max_seq_len=200, hidden_dim=50, num_blocks=2, dropout=0.2, share_item_emb=True
2026-03-24 18:43:47,688 - INFO - epoch=1 train_loss=6.246637 valid_recall@10=0.095364 valid_ndcg@10=0.042406 time=58.62s
2026-03-24 18:43:47,699 - INFO - new best valid_recall@10=0.095364, valid_ndcg@10=0.042406, model saved to /Users/Zhuanz/Downloads/Recommand-System/项目/经典模型/sasrec/ml-1m/best_sasrec.pt
2026-03-24 18:44:46,552 - INFO - epoch=2 train_loss=5.485990 valid_recall@10=0.139404 valid_ndcg@10=0.067032 time=58.85s
2026-03-24 18:44:46,557 - INFO - new best valid_recall@10=0.139404, valid_ndcg@10=0.067032, model saved to /Users/Zhuanz/Downloads/Recommand-System/项目/经典模型/sasrec/ml-1m/best_sasrec.pt
2026-03-24 18:45:45,388 - INFO - epoch=3 train_loss=3.964245 valid_recall@10=0.174172 valid_ndcg@10=0.083756 time=58.83s
2026-03-25 09:03:56,461 - INFO - start training
2026-03-25 09:03:56,462 - INFO - args: data_path=../data/movie-lens_1m.txt, batch_size=128, max_seq_len=50, hidden_dim=50, num_blocks=2, dropout=0.5, lr=0.001, epochs=2000, patience=20, topk=10, seed=42, debug=False, device=cpu
2026-03-25 09:03:57,978 - INFO - dataset loaded: num_users=6040, num_items=3416, train_users=6040, valid_users=6040, test_users=6040
2026-03-25 09:13:25,030 - INFO - start training
2026-03-25 09:13:25,030 - INFO - args: data_path=../data/movie-lens_1m.txt, batch_size=128, max_seq_len=50, hidden_dim=50, num_blocks=2, dropout=0.5, lr=0.001, epochs=2000, patience=20, topk=10, seed=42, debug=False, device=cpu
2026-03-25 09:13:26,509 - INFO - dataset loaded: num_users=6040, num_items=3416, train_users=6040, valid_users=6040, test_users=6040
2026-03-25 09:14:29,508 - INFO - start training
2026-03-25 09:14:29,508 - INFO - args: data_path=../data/movie-lens_1m.txt, batch_size=128, max_seq_len=50, hidden_dim=50, num_blocks=2, dropout=0.5, lr=0.001, epochs=2000, patience=20, topk=10, seed=42, debug=False, device=cpu
2026-03-25 09:14:31,003 - INFO - dataset loaded: num_users=6040, num_items=3416, train_users=6040, valid_users=6040, test_users=6040
2026-03-25 09:14:38,266 - INFO - epoch=1 train_loss=7.829936 valid_recall@10=0.096358 valid_ndcg@10=0.043766 time=6.81s
2026-03-25 09:14:38,272 - INFO - best model saved to ../outputs/best_sasrec.pt
2026-03-25 09:14:45,049 - INFO - epoch=2 train_loss=7.372554 valid_recall@10=0.097020 valid_ndcg@10=0.044427 time=6.78s
2026-03-25 09:14:45,052 - INFO - best model saved to ../outputs/best_sasrec.pt
2026-03-25 09:14:51,900 - INFO - epoch=3 train_loss=6.959751 valid_recall@10=0.100828 valid_ndcg@10=0.045973 time=6.85s
2026-03-25 09:14:51,903 - INFO - best model saved to ../outputs/best_sasrec.pt
2026-03-25 09:14:58,658 - INFO - epoch=4 train_loss=6.496225 valid_recall@10=0.105795 valid_ndcg@10=0.048538 time=6.76s
2026-03-25 09:14:58,660 - INFO - best model saved to ../outputs/best_sasrec.pt
2026-03-25 09:15:05,391 - INFO - epoch=5 train_loss=5.735702 valid_recall@10=0.147020 valid_ndcg@10=0.064833 time=6.73s
2026-03-25 09:15:05,394 - INFO - best model saved to ../outputs/best_sasrec.pt
2026-03-25 09:15:12,128 - INFO - epoch=6 train_loss=4.558330 valid_recall@10=0.164570 valid_ndcg@10=0.073099 time=6.73s
2026-03-25 09:15:12,130 - INFO - best model saved to ../outputs/best_sasrec.pt
2026-03-25 09:15:18,875 - INFO - epoch=7 train_loss=3.636423 valid_recall@10=0.169702 valid_ndcg@10=0.075581 time=6.75s
2026-03-25 09:15:18,877 - INFO - best model saved to ../outputs/best_sasrec.pt
2026-03-25 09:15:25,622 - INFO - epoch=8 train_loss=2.966839 valid_recall@10=0.175993 valid_ndcg@10=0.078622 time=6.74s
2026-03-25 09:15:25,624 - INFO - best model saved to ../outputs/best_sasrec.pt
2026-03-25 09:15:32,379 - INFO - epoch=9 train_loss=2.515137 valid_recall@10=0.180132 valid_ndcg@10=0.081736 time=6.76s
2026-03-25 09:15:32,381 - INFO - best model saved to ../outputs/best_sasrec.pt
2026-03-25 09:15:39,127 - INFO - epoch=10 train_loss=2.201154 valid_recall@10=0.181954 valid_ndcg@10=0.083230 time=6.75s
2026-03-25 09:15:39,129 - INFO - best model saved to ../outputs/best_sasrec.pt
2026-03-25 09:15:46,078 - INFO - epoch=11 train_loss=1.995929 valid_recall@10=0.180298 valid_ndcg@10=0.082525 time=6.95s
2026-03-25 09:15:46,078 - INFO - no improvement, wait=1/20
2026-03-25 09:15:52,962 - INFO - epoch=12 train_loss=1.861318 valid_recall@10=0.179636 valid_ndcg@10=0.082115 time=6.88s
2026-03-25 09:15:52,963 - INFO - no improvement, wait=2/20
2026-03-25 09:15:59,720 - INFO - epoch=13 train_loss=1.770178 valid_recall@10=0.176656 valid_ndcg@10=0.080104 time=6.76s
2026-03-25 09:15:59,720 - INFO - no improvement, wait=3/20
2026-03-25 09:17:55,175 - INFO - start training
2026-03-25 09:17:55,175 - INFO - args: data_path=../data/movie-lens_1m.txt, batch_size=128, max_seq_len=50, hidden_dim=50, num_blocks=2, dropout=0.5, lr=0.001, epochs=2000, patience=20, topk=10, seed=42, debug=False, device=cpu
2026-03-25 09:17:56,680 - INFO - dataset loaded: num_users=6040, num_items=3416, train_users=6040, valid_users=6040, test_users=6040
2026-03-25 09:18:48,961 - INFO - start training
2026-03-25 09:18:48,961 - INFO - args: data_path=../data/movie-lens_1m.txt, batch_size=128, max_seq_len=50, hidden_dim=50, num_blocks=2, dropout=0.5, lr=0.001, epochs=2000, patience=20, topk=10, seed=42, debug=False, device=cpu
2026-03-25 09:18:50,453 - INFO - dataset loaded: num_users=6040, num_items=3416, train_users=6040, valid_users=6040, test_users=6040
2026-03-25 09:20:41,671 - INFO - start training
2026-03-25 09:20:41,671 - INFO - args: data_path=../data/movie-lens_1m.txt, batch_size=128, max_seq_len=50, hidden_dim=50, num_blocks=2, dropout=0.5, lr=0.001, epochs=2000, patience=20, topk=10, seed=42, debug=False, device=cpu
2026-03-25 09:20:43,167 - INFO - dataset loaded: num_users=6040, num_items=3416, train_users=6040, valid_users=6040, test_users=6040
2026-03-25 09:20:50,758 - INFO - epoch=1 train_loss=53.797222 valid_recall@10=0.101159 valid_ndcg@10=0.045930 time=7.12s
2026-03-25 09:20:50,763 - INFO - best model saved to ../outputs/best_sasrec.pt
2026-03-25 09:20:57,815 - INFO - epoch=2 train_loss=50.221154 valid_recall@10=0.103642 valid_ndcg@10=0.047275 time=7.05s
2026-03-25 09:20:57,817 - INFO - best model saved to ../outputs/best_sasrec.pt
2026-03-25 09:21:04,887 - INFO - epoch=3 train_loss=47.009043 valid_recall@10=0.106954 valid_ndcg@10=0.048923 time=7.07s
2026-03-25 09:21:04,889 - INFO - best model saved to ../outputs/best_sasrec.pt
2026-03-25 09:21:12,064 - INFO - epoch=4 train_loss=43.604070 valid_recall@10=0.109768 valid_ndcg@10=0.050359 time=7.17s
2026-03-25 09:21:12,066 - INFO - best model saved to ../outputs/best_sasrec.pt
2026-03-25 09:21:19,352 - INFO - epoch=5 train_loss=40.113622 valid_recall@10=0.113742 valid_ndcg@10=0.052145 time=7.29s
2026-03-25 09:21:19,354 - INFO - best model saved to ../outputs/best_sasrec.pt
2026-03-25 09:21:26,469 - INFO - epoch=6 train_loss=36.873147 valid_recall@10=0.117715 valid_ndcg@10=0.053856 time=7.12s
2026-03-25 09:21:26,471 - INFO - best model saved to ../outputs/best_sasrec.pt
2026-03-25 09:21:33,814 - INFO - epoch=7 train_loss=33.696542 valid_recall@10=0.119536 valid_ndcg@10=0.054787 time=7.34s
2026-03-25 09:21:33,816 - INFO - best model saved to ../outputs/best_sasrec.pt
2026-03-25 09:21:41,170 - INFO - epoch=8 train_loss=30.708509 valid_recall@10=0.121854 valid_ndcg@10=0.056267 time=7.35s
2026-03-25 09:21:41,172 - INFO - best model saved to ../outputs/best_sasrec.pt
2026-03-25 09:21:48,481 - INFO - epoch=9 train_loss=27.867286 valid_recall@10=0.124172 valid_ndcg@10=0.057466 time=7.31s
2026-03-25 09:21:48,483 - INFO - best model saved to ../outputs/best_sasrec.pt
2026-03-25 09:21:55,647 - INFO - epoch=10 train_loss=25.254238 valid_recall@10=0.125166 valid_ndcg@10=0.057469 time=7.16s
2026-03-25 09:21:55,648 - INFO - best model saved to ../outputs/best_sasrec.pt
2026-03-25 09:22:02,947 - INFO - epoch=11 train_loss=22.698194 valid_recall@10=0.127318 valid_ndcg@10=0.058556 time=7.30s
2026-03-25 09:22:02,950 - INFO - best model saved to ../outputs/best_sasrec.pt
2026-03-25 09:22:10,501 - INFO - epoch=12 train_loss=20.335046 valid_recall@10=0.125993 valid_ndcg@10=0.058365 time=7.55s
2026-03-25 09:22:10,501 - INFO - no improvement, wait=1/20
2026-03-25 09:22:17,983 - INFO - epoch=13 train_loss=18.131650 valid_recall@10=0.128642 valid_ndcg@10=0.059118 time=7.48s
2026-03-25 09:22:17,985 - INFO - best model saved to ../outputs/best_sasrec.pt
2026-03-25 09:22:25,438 - INFO - epoch=14 train_loss=16.163834 valid_recall@10=0.129305 valid_ndcg@10=0.059551 time=7.45s
2026-03-25 09:22:25,440 - INFO - best model saved to ../outputs/best_sasrec.pt
2026-03-25 09:22:32,589 - INFO - epoch=15 train_loss=14.273934 valid_recall@10=0.127318 valid_ndcg@10=0.059110 time=7.15s
2026-03-25 09:22:32,589 - INFO - no improvement, wait=1/20
2026-03-25 09:22:39,734 - INFO - epoch=16 train_loss=12.531690 valid_recall@10=0.127980 valid_ndcg@10=0.059467 time=7.14s
2026-03-25 09:22:39,734 - INFO - no improvement, wait=2/20
2026-03-25 09:22:46,904 - INFO - epoch=17 train_loss=10.833205 valid_recall@10=0.128808 valid_ndcg@10=0.059930 time=7.17s
2026-03-25 09:22:46,904 - INFO - no improvement, wait=3/20
2026-03-25 09:22:54,077 - INFO - epoch=18 train_loss=9.282713 valid_recall@10=0.129967 valid_ndcg@10=0.060281 time=7.17s
2026-03-25 09:22:54,078 - INFO - best model saved to ../outputs/best_sasrec.pt
2026-03-25 09:23:01,224 - INFO - epoch=19 train_loss=7.840424 valid_recall@10=0.132450 valid_ndcg@10=0.061064 time=7.15s
2026-03-25 09:23:01,227 - INFO - best model saved to ../outputs/best_sasrec.pt
2026-03-25 09:23:08,412 - INFO - epoch=20 train_loss=6.446452 valid_recall@10=0.131623 valid_ndcg@10=0.061056 time=7.18s
2026-03-25 09:23:08,412 - INFO - no improvement, wait=1/20
2026-03-25 09:23:15,640 - INFO - epoch=21 train_loss=5.153779 valid_recall@10=0.133113 valid_ndcg@10=0.061600 time=7.23s
2026-03-25 09:23:15,642 - INFO - best model saved to ../outputs/best_sasrec.pt
2026-03-25 09:23:22,791 - INFO - epoch=22 train_loss=3.906846 valid_recall@10=0.134272 valid_ndcg@10=0.062318 time=7.15s
2026-03-25 09:23:22,792 - INFO - best model saved to ../outputs/best_sasrec.pt
2026-03-25 09:23:29,949 - INFO - epoch=23 train_loss=2.844201 valid_recall@10=0.136755 valid_ndcg@10=0.063523 time=7.16s
2026-03-25 09:23:29,951 - INFO - best model saved to ../outputs/best_sasrec.pt
2026-03-25 11:18:45,144 - INFO - start training
2026-03-25 11:18:45,144 - INFO - args: data_path=../data/movie-lens_1m.txt, batch_size=128, max_seq_len=50, hidden_dim=50, num_blocks=2, dropout=0.5, lr=0.001, epochs=2000, patience=20, topk=10, seed=42, debug=False, device=cpu
2026-03-25 11:18:46,656 - INFO - dataset loaded: num_users=6040, num_items=3416, train_users=6040, valid_users=6040, test_users=6040
2026-03-25 11:18:54,205 - INFO - epoch=1 train_loss=53.797222 valid_recall@10=0.101159 valid_ndcg@10=0.045930 time=6.97s
2026-03-25 11:18:54,210 - INFO - best model saved to ../outputs/best_sasrec.pt
2026-03-25 11:19:01,515 - INFO - epoch=2 train_loss=50.221154 valid_recall@10=0.103642 valid_ndcg@10=0.047275 time=7.31s
2026-03-25 11:19:01,517 - INFO - best model saved to ../outputs/best_sasrec.pt
2026-03-25 11:19:08,572 - INFO - epoch=3 train_loss=47.009043 valid_recall@10=0.106954 valid_ndcg@10=0.048923 time=7.05s
2026-03-25 11:19:08,574 - INFO - best model saved to ../outputs/best_sasrec.pt
2026-03-25 11:19:15,699 - INFO - epoch=4 train_loss=43.604070 valid_recall@10=0.109768 valid_ndcg@10=0.050359 time=7.12s
2026-03-25 11:19:15,702 - INFO - best model saved to ../outputs/best_sasrec.pt
2026-03-25 11:19:22,653 - INFO - epoch=5 train_loss=40.113622 valid_recall@10=0.113742 valid_ndcg@10=0.052145 time=6.95s
2026-03-25 11:19:22,654 - INFO - best model saved to ../outputs/best_sasrec.pt
2026-03-25 11:19:29,892 - INFO - epoch=6 train_loss=36.873147 valid_recall@10=0.117715 valid_ndcg@10=0.053856 time=7.24s
2026-03-25 11:19:29,894 - INFO - best model saved to ../outputs/best_sasrec.pt
2026-03-25 11:19:37,146 - INFO - epoch=7 train_loss=33.696542 valid_recall@10=0.119536 valid_ndcg@10=0.054787 time=7.25s
2026-03-25 11:19:37,148 - INFO - best model saved to ../outputs/best_sasrec.pt
2026-03-25 11:19:44,332 - INFO - epoch=8 train_loss=30.708509 valid_recall@10=0.121854 valid_ndcg@10=0.056267 time=7.18s
2026-03-25 11:19:44,334 - INFO - best model saved to ../outputs/best_sasrec.pt
2026-03-25 11:19:51,310 - INFO - epoch=9 train_loss=27.867286 valid_recall@10=0.124172 valid_ndcg@10=0.057466 time=6.98s
2026-03-25 11:19:51,311 - INFO - best model saved to ../outputs/best_sasrec.pt
2026-03-25 11:19:58,355 - INFO - epoch=10 train_loss=25.254238 valid_recall@10=0.125166 valid_ndcg@10=0.057469 time=7.04s
2026-03-25 11:19:58,357 - INFO - best model saved to ../outputs/best_sasrec.pt
2026-03-25 11:20:05,366 - INFO - epoch=11 train_loss=22.698194 valid_recall@10=0.127318 valid_ndcg@10=0.058556 time=7.01s
2026-03-25 11:20:05,367 - INFO - best model saved to ../outputs/best_sasrec.pt
2026-03-25 11:20:12,341 - INFO - epoch=12 train_loss=20.335046 valid_recall@10=0.125993 valid_ndcg@10=0.058365 time=6.97s
2026-03-25 11:20:12,341 - INFO - no improvement, wait=1/20
2026-03-25 11:20:19,305 - INFO - epoch=13 train_loss=18.131650 valid_recall@10=0.128642 valid_ndcg@10=0.059118 time=6.96s
2026-03-25 11:20:19,307 - INFO - best model saved to ../outputs/best_sasrec.pt
2026-03-25 11:20:26,309 - INFO - epoch=14 train_loss=16.163834 valid_recall@10=0.129305 valid_ndcg@10=0.059551 time=7.00s
2026-03-25 11:20:26,311 - INFO - best model saved to ../outputs/best_sasrec.pt
2026-03-25 11:20:33,383 - INFO - epoch=15 train_loss=14.273934 valid_recall@10=0.127318 valid_ndcg@10=0.059110 time=7.07s
2026-03-25 11:20:33,383 - INFO - no improvement, wait=1/20
2026-03-25 11:20:40,525 - INFO - epoch=16 train_loss=12.531690 valid_recall@10=0.127980 valid_ndcg@10=0.059467 time=7.14s
2026-03-25 11:20:40,525 - INFO - no improvement, wait=2/20
2026-03-25 11:20:47,713 - INFO - epoch=17 train_loss=10.833205 valid_recall@10=0.128808 valid_ndcg@10=0.059930 time=7.19s
2026-03-25 11:20:47,713 - INFO - no improvement, wait=3/20
2026-03-25 11:20:55,054 - INFO - epoch=18 train_loss=9.282713 valid_recall@10=0.129967 valid_ndcg@10=0.060281 time=7.34s
2026-03-25 11:20:55,056 - INFO - best model saved to ../outputs/best_sasrec.pt
2026-03-25 11:21:02,533 - INFO - epoch=19 train_loss=7.840424 valid_recall@10=0.132450 valid_ndcg@10=0.061064 time=7.48s
2026-03-25 11:21:02,536 - INFO - best model saved to ../outputs/best_sasrec.pt
2026-03-25 11:21:09,928 - INFO - epoch=20 train_loss=6.446452 valid_recall@10=0.131623 valid_ndcg@10=0.061056 time=7.39s
2026-03-25 11:21:09,928 - INFO - no improvement, wait=1/20
2026-03-25 11:21:17,298 - INFO - epoch=21 train_loss=5.153779 valid_recall@10=0.133113 valid_ndcg@10=0.061600 time=7.37s
2026-03-25 11:21:17,300 - INFO - best model saved to ../outputs/best_sasrec.pt
2026-03-25 11:21:24,741 - INFO - epoch=22 train_loss=3.906846 valid_recall@10=0.134272 valid_ndcg@10=0.062318 time=7.44s
2026-03-25 11:21:24,743 - INFO - best model saved to ../outputs/best_sasrec.pt
2026-03-25 11:21:32,291 - INFO - epoch=23 train_loss=2.844201 valid_recall@10=0.136755 valid_ndcg@10=0.063523 time=7.55s
2026-03-25 11:21:32,294 - INFO - best model saved to ../outputs/best_sasrec.pt
2026-03-25 11:21:39,824 - INFO - epoch=24 train_loss=1.973178 valid_recall@10=0.153477 valid_ndcg@10=0.071190 time=7.53s
2026-03-25 11:21:39,826 - INFO - best model saved to ../outputs/best_sasrec.pt
2026-03-25 11:21:47,312 - INFO - epoch=25 train_loss=1.486222 valid_recall@10=0.194371 valid_ndcg@10=0.089902 time=7.49s
2026-03-25 11:21:47,314 - INFO - best model saved to ../outputs/best_sasrec.pt
2026-03-25 11:21:54,615 - INFO - epoch=26 train_loss=1.359229 valid_recall@10=0.218709 valid_ndcg@10=0.102924 time=7.30s
2026-03-25 11:21:54,617 - INFO - best model saved to ../outputs/best_sasrec.pt
2026-03-25 11:22:01,877 - INFO - epoch=27 train_loss=1.345795 valid_recall@10=0.215894 valid_ndcg@10=0.103219 time=7.26s
2026-03-25 11:22:01,877 - INFO - no improvement, wait=1/20
2026-03-25 11:22:09,222 - INFO - epoch=28 train_loss=1.345766 valid_recall@10=0.224007 valid_ndcg@10=0.106940 time=7.34s
2026-03-25 11:22:09,224 - INFO - best model saved to ../outputs/best_sasrec.pt
2026-03-25 11:22:16,492 - INFO - epoch=29 train_loss=1.345090 valid_recall@10=0.214404 valid_ndcg@10=0.106386 time=7.27s
2026-03-25 11:22:16,492 - INFO - no improvement, wait=1/20
2026-03-25 11:22:23,723 - INFO - epoch=30 train_loss=1.344713 valid_recall@10=0.220861 valid_ndcg@10=0.103208 time=7.23s
2026-03-25 11:22:23,724 - INFO - no improvement, wait=2/20
2026-03-25 11:22:30,909 - INFO - epoch=31 train_loss=1.344562 valid_recall@10=0.221358 valid_ndcg@10=0.106165 time=7.19s
2026-03-25 11:22:30,910 - INFO - no improvement, wait=3/20
2026-03-25 11:22:38,103 - INFO - epoch=32 train_loss=1.343876 valid_recall@10=0.219205 valid_ndcg@10=0.105298 time=7.19s
2026-03-25 11:22:38,103 - INFO - no improvement, wait=4/20
2026-03-25 11:22:45,378 - INFO - epoch=33 train_loss=1.345237 valid_recall@10=0.216225 valid_ndcg@10=0.102756 time=7.27s
2026-03-25 11:22:45,378 - INFO - no improvement, wait=5/20
2026-03-25 11:22:52,552 - INFO - epoch=34 train_loss=1.343849 valid_recall@10=0.216225 valid_ndcg@10=0.102116 time=7.17s
2026-03-25 11:22:52,552 - INFO - no improvement, wait=6/20
2026-03-25 11:22:59,693 - INFO - epoch=35 train_loss=1.343715 valid_recall@10=0.223510 valid_ndcg@10=0.106692 time=7.14s
2026-03-25 11:22:59,693 - INFO - no improvement, wait=7/20
2026-03-25 11:23:06,834 - INFO - epoch=36 train_loss=1.343006 valid_recall@10=0.227318 valid_ndcg@10=0.107906 time=7.14s
2026-03-25 11:23:06,836 - INFO - best model saved to ../outputs/best_sasrec.pt
2026-03-25 11:23:14,081 - INFO - epoch=37 train_loss=1.342719 valid_recall@10=0.222185 valid_ndcg@10=0.106395 time=7.25s
2026-03-25 11:23:14,081 - INFO - no improvement, wait=1/20
2026-03-25 11:23:21,255 - INFO - epoch=38 train_loss=1.343162 valid_recall@10=0.227649 valid_ndcg@10=0.108513 time=7.17s
2026-03-25 11:23:21,257 - INFO - best model saved to ../outputs/best_sasrec.pt
2026-03-25 11:23:28,522 - INFO - epoch=39 train_loss=1.342614 valid_recall@10=0.216391 valid_ndcg@10=0.105580 time=7.27s
2026-03-25 11:23:28,522 - INFO - no improvement, wait=1/20
2026-03-25 11:23:35,724 - INFO - epoch=40 train_loss=1.341371 valid_recall@10=0.217550 valid_ndcg@10=0.103540 time=7.20s
2026-03-25 11:23:35,724 - INFO - no improvement, wait=2/20
2026-03-25 11:23:43,024 - INFO - epoch=41 train_loss=1.342422 valid_recall@10=0.226821 valid_ndcg@10=0.107987 time=7.30s
2026-03-25 11:23:43,024 - INFO - no improvement, wait=3/20
2026-03-25 11:23:50,347 - INFO - epoch=42 train_loss=1.341926 valid_recall@10=0.222020 valid_ndcg@10=0.107040 time=7.32s
2026-03-25 11:23:50,347 - INFO - no improvement, wait=4/20
2026-03-25 11:23:57,786 - INFO - epoch=43 train_loss=1.340117 valid_recall@10=0.220695 valid_ndcg@10=0.107746 time=7.44s
2026-03-25 11:23:57,786 - INFO - no improvement, wait=5/20
2026-03-25 11:24:05,383 - INFO - epoch=44 train_loss=1.339475 valid_recall@10=0.230795 valid_ndcg@10=0.111053 time=7.60s
2026-03-25 11:24:05,386 - INFO - best model saved to ../outputs/best_sasrec.pt
2026-03-25 11:24:13,010 - INFO - epoch=45 train_loss=1.338726 valid_recall@10=0.225828 valid_ndcg@10=0.109326 time=7.62s
2026-03-25 11:24:13,010 - INFO - no improvement, wait=1/20
2026-03-25 11:24:20,726 - INFO - epoch=46 train_loss=1.338885 valid_recall@10=0.228311 valid_ndcg@10=0.110967 time=7.72s
2026-03-25 11:24:20,726 - INFO - no improvement, wait=2/20
2026-03-25 11:24:24,706 - INFO - start training
2026-03-25 11:24:24,707 - INFO - args: data_path=../data/movie-lens_1m.txt, batch_size=128, max_seq_len=50, hidden_dim=50, num_blocks=2, dropout=0.5, lr=0.001, epochs=2000, patience=20, topk=10, seed=42, debug=False, device=cpu
2026-03-25 11:24:26,252 - INFO - dataset loaded: num_users=6040, num_items=3416, train_users=6040, valid_users=6040, test_users=6040
2026-03-25 11:24:34,206 - INFO - epoch=1 train_loss=53.797222 valid_recall@10=0.101159 valid_ndcg@10=0.045930 time=7.32s
2026-03-25 11:24:34,210 - INFO - best model saved to ../outputs/best_sasrec.pt
2026-03-25 11:24:41,462 - INFO - epoch=2 train_loss=50.221154 valid_recall@10=0.103642 valid_ndcg@10=0.047275 time=7.25s
2026-03-25 11:24:41,464 - INFO - best model saved to ../outputs/best_sasrec.pt
2026-03-25 11:24:48,597 - INFO - epoch=3 train_loss=47.009043 valid_recall@10=0.106954 valid_ndcg@10=0.048923 time=7.13s
2026-03-25 11:24:48,599 - INFO - best model saved to ../outputs/best_sasrec.pt
2026-03-25 11:24:55,956 - INFO - epoch=4 train_loss=43.604070 valid_recall@10=0.109768 valid_ndcg@10=0.050359 time=7.36s
2026-03-25 11:24:55,958 - INFO - best model saved to ../outputs/best_sasrec.pt
2026-03-25 11:25:03,104 - INFO - epoch=5 train_loss=40.113622 valid_recall@10=0.113742 valid_ndcg@10=0.052145 time=7.15s
2026-03-25 11:25:03,106 - INFO - best model saved to ../outputs/best_sasrec.pt
2026-03-25 11:25:10,390 - INFO - epoch=6 train_loss=36.873147 valid_recall@10=0.117715 valid_ndcg@10=0.053856 time=7.28s
2026-03-25 11:25:10,392 - INFO - best model saved to ../outputs/best_sasrec.pt
2026-03-25 11:32:44,384 - INFO - start training
2026-03-25 11:32:44,385 - INFO - args: data_path=../data/movie-lens_1m.txt, batch_size=128, max_seq_len=50, hidden_dim=50, num_blocks=2, dropout=0.5, lr=0.001, epochs=2000, patience=20, topk=10, seed=42, debug=False, device=cpu
2026-03-25 11:32:45,985 - INFO - dataset loaded: num_users=6040, num_items=3416, train_users=6040, valid_users=6040, test_users=6040
2026-03-25 11:35:53,251 - INFO - start training
2026-03-25 11:35:53,251 - INFO - args: data_path=../data/movie-lens_1m.txt, batch_size=128, max_seq_len=50, hidden_dim=50, num_blocks=2, dropout=0.5, lr=0.001, epochs=2000, patience=20, topk=10, seed=42, debug=False, device=cpu
2026-03-25 11:35:54,742 - INFO - dataset loaded: num_users=6040, num_items=3416, train_users=6040, valid_users=6040, test_users=6040
2026-03-25 11:49:22,042 - INFO - start training
2026-03-25 11:49:22,042 - INFO - args: data_path=../data/movie-lens_1m.txt, batch_size=128, max_seq_len=50, hidden_dim=50, num_blocks=2, dropout=0.5, lr=0.001, epochs=2000, patience=20, topk=10, seed=42, debug=False, device=cpu
2026-03-25 11:49:23,554 - INFO - dataset loaded: num_users=6040, num_items=3416, train_users=6040, valid_users=6040, test_users=6040
2026-03-25 11:49:31,506 - INFO - epoch=1 train_loss=53.797222 valid_recall@10=0.101159 valid_ndcg@10=0.045930 time=7.31s
2026-03-25 11:49:31,511 - INFO - best model saved to ../outputs/best_sasrec.pt
2026-03-25 11:49:38,822 - INFO - epoch=2 train_loss=50.221154 valid_recall@10=0.103642 valid_ndcg@10=0.047275 time=7.31s
2026-03-25 11:49:38,824 - INFO - best model saved to ../outputs/best_sasrec.pt
2026-03-25 11:49:46,045 - INFO - epoch=3 train_loss=47.009043 valid_recall@10=0.106954 valid_ndcg@10=0.048923 time=7.22s
2026-03-25 11:49:46,047 - INFO - best model saved to ../outputs/best_sasrec.pt
2026-03-25 11:51:03,044 - INFO - start training
2026-03-25 11:51:03,044 - INFO - args: data_path=../data/movie-lens_1m.txt, batch_size=128, max_seq_len=50, hidden_dim=50, num_blocks=2, dropout=0.5, lr=0.001, epochs=2000, patience=20, topk=10, seed=42, debug=False, device=cpu
2026-03-25 11:51:04,532 - INFO - dataset loaded: num_users=6040, num_items=3416, train_users=6040, valid_users=6040, test_users=6040
2026-03-25 11:51:33,514 - INFO - start training
2026-03-25 11:51:33,514 - INFO - args: data_path=../data/movie-lens_1m.txt, batch_size=128, max_seq_len=50, hidden_dim=50, num_blocks=2, dropout=0.5, lr=0.001, epochs=2000, patience=20, topk=10, seed=42, debug=False, device=cpu
2026-03-25 11:51:34,963 - INFO - dataset loaded: num_users=6040, num_items=3416, train_users=6040, valid_users=6040, test_users=6040
2026-03-25 11:51:42,449 - INFO - epoch=1 train_loss=53.797222 valid_recall@10=0.101159 valid_ndcg@10=0.045930 time=7.03s
2026-03-25 11:51:42,452 - INFO - best model saved to ../outputs/best_sasrec.pt
2026-03-25 11:51:49,464 - INFO - epoch=2 train_loss=50.221154 valid_recall@10=0.103642 valid_ndcg@10=0.047275 time=7.01s
2026-03-25 11:51:49,466 - INFO - best model saved to ../outputs/best_sasrec.pt
2026-03-25 11:56:03,617 - INFO - start training
2026-03-25 14:16:02,227 - INFO - start training
2026-03-25 14:16:02,228 - INFO - args: data_path=../data/movie-lens_1m.txt, batch_size=128, max_seq_len=50, hidden_dim=50, num_blocks=2, dropout=0.5, lr=0.001, epochs=2000, patience=20, topk=10, seed=42, debug=False, device=cpu
2026-03-25 14:16:03,734 - INFO - dataset loaded: num_users=6040, num_items=3416, train_users=6040, valid_users=6040, test_users=6040
2026-03-25 14:16:11,583 - INFO - epoch=1 train_loss=53.442470 valid_recall@10=0.097351 valid_ndcg@10=0.044069 time=7.20s
2026-03-25 14:16:11,590 - INFO - best model saved to ../outputs/best_sasrec.pt
2026-03-25 14:16:18,797 - INFO - epoch=2 train_loss=50.023779 valid_recall@10=0.097185 valid_ndcg@10=0.042355 time=7.21s
2026-03-25 14:16:18,798 - INFO - no improvement, wait=1/20
2026-03-25 14:24:52,377 - INFO - start training
2026-03-25 14:24:52,377 - INFO - args: data_path=../data/movie-lens_1m.txt, batch_size=128, max_seq_len=50, hidden_dim=50, num_blocks=2, dropout=0.5, lr=0.001, epochs=2000, patience=20, topk=10, seed=42, debug=False, device=cpu
2026-03-25 14:24:53,861 - INFO - dataset loaded: num_users=6040, num_items=3416, train_users=6040, valid_users=6040, test_users=6040
2026-03-25 14:36:42,291 - INFO - start training
2026-03-25 14:36:42,291 - INFO - args: data_path=../data/movie-lens_1m.txt, batch_size=128, max_seq_len=50, hidden_dim=50, num_blocks=2, dropout=0.5, lr=0.001, epochs=2000, patience=20, topk=10, seed=42, debug=False, device=cpu
2026-03-25 14:36:43,813 - INFO - dataset loaded: num_users=6040, num_items=3416, train_users=6040, valid_users=6040, test_users=6040
2026-03-25 14:36:57,625 - INFO - start training
2026-03-25 14:36:57,625 - INFO - args: data_path=../data/movie-lens_1m.txt, batch_size=128, max_seq_len=50, hidden_dim=50, num_blocks=2, dropout=0.5, lr=0.001, epochs=2000, patience=20, topk=10, seed=42, debug=False, device=cpu
2026-03-25 14:36:59,139 - INFO - dataset loaded: num_users=6040, num_items=3416, train_users=6040, valid_users=6040, test_users=6040
2026-03-25 14:37:06,620 - INFO - epoch=1 train_loss=53.361599 valid_recall@10=0.107285 valid_ndcg@10=0.047513 time=7.02s
2026-03-25 14:37:06,635 - INFO - best model saved to ../outputs/best_sasrec.pt
2026-03-25 14:38:01,308 - INFO - start training
2026-03-25 14:38:01,308 - INFO - args: data_path=../data/movie-lens_1m.txt, batch_size=128, max_seq_len=50, hidden_dim=50, num_blocks=2, dropout=0.5, lr=0.001, epochs=2000, patience=20, topk=10, seed=42, debug=False, device=cpu
2026-03-25 14:38:02,823 - INFO - dataset loaded: num_users=6040, num_items=3416, train_users=6040, valid_users=6040, test_users=6040
2026-03-25 14:38:10,503 - INFO - epoch=1 train_loss=53.581518 valid_recall@10=0.102980 valid_ndcg@10=0.046637 time=7.20s
2026-03-25 14:38:10,506 - INFO - best model saved to ../outputs/best_sasrec.pt
2026-03-25 14:45:33,928 - INFO - start training
2026-03-25 14:45:33,928 - INFO - args: data_path=../data/movie-lens_1m.txt, batch_size=128, max_seq_len=50, hidden_dim=50, num_blocks=2, dropout=0.5, lr=0.001, epochs=2000, patience=20, topk=10, seed=42, debug=False, device=cpu
2026-03-25 14:45:35,418 - INFO - dataset loaded: num_users=6040, num_items=3416, train_users=6040, valid_users=6040, test_users=6040
2026-03-25 14:45:42,782 - INFO - epoch=1 train_loss=53.247784 valid_recall@10=0.094868 valid_ndcg@10=0.042589 time=6.90s
2026-03-25 14:45:42,786 - INFO - best model saved to ../outputs/best_sasrec.pt
2026-03-25 14:56:46,603 - INFO - start training
2026-03-25 14:56:46,603 - INFO - args: data_path=../data/movie-lens_1m.txt, batch_size=128, max_seq_len=50, hidden_dim=50, num_blocks=2, dropout=0.5, lr=0.001, epochs=2000, patience=20, topk=10, seed=42, debug=False, device=cpu
2026-03-25 14:57:11,844 - INFO - start training
2026-03-25 14:57:11,844 - INFO - args: data_path=../data/movie-lens_1m.txt, batch_size=128, max_seq_len=50, hidden_dim=50, num_blocks=2, dropout=0.5, lr=0.001, epochs=2000, patience=20, topk=10, seed=42, debug=False, device=cpu
2026-03-25 14:57:13,724 - INFO - dataset loaded: num_users=6040, num_items=3416, train_users=6040, valid_users=6040, test_users=6040
2026-03-25 15:00:06,947 - INFO - start training
2026-03-25 15:00:06,947 - INFO - args: data_path=../data/movie-lens_1m.txt, batch_size=128, max_seq_len=50, hidden_dim=50, num_blocks=2, dropout=0.5, lr=0.001, epochs=2000, patience=20, topk=10, seed=42, debug=False, device=cpu
2026-03-25 15:00:08,930 - INFO - dataset loaded: num_users=6040, num_items=3416, train_users=6040, valid_users=6040, test_users=6040
2026-03-25 15:00:39,693 - INFO - start training
2026-03-25 15:00:39,693 - INFO - args: data_path=../data/movie-lens_1m.txt, batch_size=128, max_seq_len=50, hidden_dim=50, num_blocks=2, dropout=0.5, lr=0.001, epochs=2000, patience=20, topk=10, seed=42, debug=False, device=cpu
2026-03-25 15:00:41,687 - INFO - dataset loaded: num_users=6040, num_items=3416, train_users=6040, valid_users=6040, test_users=6040
2026-03-25 15:00:42,557 - INFO - Epoch 0 | loss=2.2629 ndcg@10=0.0499 hit@10=0.1061
2026-03-25 15:00:43,436 - INFO - Epoch 0 | loss=4.1200 ndcg@10=0.0539 hit@10=0.1161
2026-03-25 15:00:44,280 - INFO - Epoch 0 | loss=5.9148 ndcg@10=0.0598 hit@10=0.1273
2026-03-25 15:00:45,133 - INFO - Epoch 0 | loss=7.6218 ndcg@10=0.0670 hit@10=0.1406
2026-03-25 15:00:46,006 - INFO - Epoch 0 | loss=9.2682 ndcg@10=0.0755 hit@10=0.1581
2026-03-25 15:00:46,854 - INFO - Epoch 0 | loss=10.8307 ndcg@10=0.0870 hit@10=0.1826
2026-03-25 15:00:47,705 - INFO - Epoch 0 | loss=12.3091 ndcg@10=0.1025 hit@10=0.2129
2026-03-25 15:00:48,573 - INFO - Epoch 0 | loss=13.7249 ndcg@10=0.1213 hit@10=0.2498
2026-03-25 15:00:49,429 - INFO - Epoch 0 | loss=15.0863 ndcg@10=0.1395 hit@10=0.2810
2026-03-25 15:00:50,278 - INFO - Epoch 0 | loss=16.3891 ndcg@10=0.1583 hit@10=0.3159
2026-03-25 15:00:51,133 - INFO - Epoch 0 | loss=17.6756 ndcg@10=0.1758 hit@10=0.3452
2026-03-25 15:00:51,998 - INFO - Epoch 0 | loss=18.9232 ndcg@10=0.1878 hit@10=0.3671
2026-03-25 15:00:52,851 - INFO - Epoch 0 | loss=20.1171 ndcg@10=0.1976 hit@10=0.3833
2026-03-25 15:00:53,713 - INFO - Epoch 0 | loss=21.2599 ndcg@10=0.2025 hit@10=0.3881
2026-03-25 15:00:54,560 - INFO - Epoch 0 | loss=22.4051 ndcg@10=0.2072 hit@10=0.3954
2026-03-25 15:00:55,415 - INFO - Epoch 0 | loss=23.5704 ndcg@10=0.2119 hit@10=0.3992
2026-03-25 15:00:56,305 - INFO - Epoch 0 | loss=24.7273 ndcg@10=0.2141 hit@10=0.4035
2026-03-25 15:00:57,196 - INFO - Epoch 0 | loss=25.8369 ndcg@10=0.2165 hit@10=0.4051
2026-03-25 15:00:58,100 - INFO - Epoch 0 | loss=26.9412 ndcg@10=0.2175 hit@10=0.4050
2026-03-25 15:00:58,970 - INFO - Epoch 0 | loss=28.0484 ndcg@10=0.2185 hit@10=0.4065
2026-03-25 15:08:34,917 - INFO - start training
2026-03-25 15:08:34,917 - INFO - args: data_path=../data/movie-lens_1m.txt, batch_size=128, max_seq_len=50, hidden_dim=50, num_blocks=2, dropout=0.5, lr=0.001, epochs=2000, patience=20, topk=10, seed=42, debug=False, device=cpu
2026-03-25 15:08:36,881 - INFO - dataset loaded: num_users=6040, num_items=3416, train_users=6040, valid_users=6040, test_users=6040
2026-03-25 15:08:43,910 - INFO - Epoch 0 | loss=84.3083 ndcg@10=0.2143 hit@10=0.4035
2026-03-25 15:08:50,917 - INFO - Epoch 1 | loss=63.6864 ndcg@10=0.2211 hit@10=0.4025
2026-03-25 15:10:27,072 - INFO - start training
2026-03-25 15:10:27,072 - INFO - args: data_path=../data/movie-lens_1m.txt, batch_size=128, max_seq_len=50, hidden_dim=50, num_blocks=2, dropout=0.5, lr=0.001, epochs=2000, patience=20, topk=10, seed=42, debug=False, device=cpu
2026-03-25 15:10:29,038 - INFO - dataset loaded: num_users=6040, num_items=3416, train_users=6040, valid_users=6040, test_users=6040
2026-03-25 15:10:36,000 - INFO - Epoch 0 | loss=83.5039 ndcg@10=0.2194 hit@10=0.4144
2026-03-25 15:11:49,922 - INFO - start training
2026-03-25 15:11:49,922 - INFO - args: data_path=../data/movie-lens_1m.txt, batch_size=128, max_seq_len=50, hidden_dim=50, num_blocks=2, dropout=0.5, lr=0.001, epochs=2000, patience=20, topk=10, seed=42, debug=False, device=cpu
2026-03-25 15:12:09,572 - INFO - start training
2026-03-25 15:12:09,572 - INFO - args: data_path=../data/movie-lens_1m.txt, batch_size=128, max_seq_len=50, hidden_dim=50, num_blocks=2, dropout=0.5, lr=0.001, epochs=2000, patience=20, topk=10, seed=42, debug=False, device=cpu
2026-03-25 15:12:11,540 - INFO - dataset loaded: num_users=6040, num_items=3416, train_users=6040, valid_users=6040, test_users=6040
2026-03-25 15:12:18,557 - INFO - Epoch 0 | loss=85.5319 ndcg@10=0.2156 hit@10=0.4028
2026-03-25 15:13:49,658 - INFO - start training
2026-03-25 15:13:49,658 - INFO - args: data_path=../data/movie-lens_1m.txt, batch_size=128, max_seq_len=50, hidden_dim=50, num_blocks=2, dropout=0.5, lr=0.001, epochs=2000, patience=20, topk=10, seed=42, debug=False, device=cpu
2026-03-25 15:13:51,592 - INFO - dataset loaded: num_users=6040, num_items=3416, train_users=6040, valid_users=6040, test_users=6040
2026-03-25 15:13:59,120 - INFO - Epoch 0 | loss=84.0421 ndcg@10=0.3919 hit@10=0.2040
2026-03-25 15:16:00,204 - INFO - start training
2026-03-25 15:16:00,204 - INFO - args: data_path=../data/movie-lens_1m.txt, batch_size=128, max_seq_len=50, hidden_dim=50, num_blocks=2, dropout=0.5, lr=0.001, epochs=2000, patience=20, topk=10, seed=42, debug=False, device=cpu
2026-03-25 15:16:01,685 - INFO - dataset loaded: num_users=6040, num_items=3416, train_users=6040, valid_users=6040, test_users=6040
2026-03-25 15:16:09,202 - INFO - epoch=1 train_loss=53.414119 valid_recall@10=0.101821 valid_ndcg@10=0.047407 time=7.06s
2026-03-25 15:16:09,205 - INFO - best model saved to ../outputs/best_sasrec.pt
2026-03-25 15:16:16,220 - INFO - epoch=2 train_loss=49.958390 valid_recall@10=0.103974 valid_ndcg@10=0.047442 time=7.01s
2026-03-25 15:16:16,222 - INFO - best model saved to ../outputs/best_sasrec.pt
2026-03-25 15:20:21,357 - INFO - start training
2026-03-25 15:20:21,357 - INFO - args: data_path=../data/movie-lens_1m.txt, batch_size=128, max_seq_len=50, hidden_dim=50, num_blocks=2, dropout=0.5, lr=0.001, epochs=2000, patience=20, topk=10, seed=42, debug=False, device=cpu
2026-03-25 15:20:22,850 - INFO - dataset loaded: num_users=6040, num_items=3416, train_users=6040, valid_users=6040, test_users=6040
2026-03-25 15:20:30,221 - INFO - epoch=1 train_loss=53.381611 valid_recall@10=0.097848 valid_ndcg@10=0.046142 time=6.91s
2026-03-25 15:20:30,225 - INFO - best model saved to ../outputs/best_sasrec.pt
2026-03-25 15:25:36,355 - INFO - start training
2026-03-25 15:25:36,355 - INFO - args: data_path=../data/movie-lens_1m.txt, batch_size=128, max_seq_len=50, hidden_dim=50, num_blocks=2, dropout=0.5, lr=0.001, epochs=2000, patience=20, topk=10, seed=42, debug=False, device=cpu
2026-03-25 15:25:37,836 - INFO - dataset loaded: num_users=6040, num_items=3416, train_users=6040, valid_users=6040, test_users=6040
2026-03-25 15:25:59,332 - INFO - start training
2026-03-25 15:25:59,333 - INFO - args: data_path=../data/movie-lens_1m.txt, batch_size=128, max_seq_len=50, hidden_dim=50, num_blocks=2, dropout=0.5, lr=0.001, epochs=2000, patience=20, topk=10, seed=42, debug=False, device=cpu
2026-03-25 15:26:00,821 - INFO - dataset loaded: num_users=6040, num_items=3416, train_users=6040, valid_users=6040, test_users=6040
2026-03-25 15:26:08,356 - INFO - best model saved to ../outputs/best_sasrec.pt
2026-03-25 15:27:14,891 - INFO - start training
2026-03-25 15:27:14,891 - INFO - args: data_path=../data/movie-lens_1m.txt, batch_size=128, max_seq_len=50, hidden_dim=50, num_blocks=2, dropout=0.5, lr=0.001, epochs=2000, patience=20, topk=10, seed=42, debug=False, device=cpu
2026-03-25 15:27:16,401 - INFO - dataset loaded: num_users=6040, num_items=3416, train_users=6040, valid_users=6040, test_users=6040
2026-03-25 15:27:23,599 - INFO - start training
2026-03-25 15:27:23,599 - INFO - args: data_path=../data/movie-lens_1m.txt, batch_size=128, max_seq_len=50, hidden_dim=50, num_blocks=2, dropout=0.5, lr=0.001, epochs=2000, patience=20, topk=10, seed=42, debug=False, device=cpu
2026-03-25 15:27:25,078 - INFO - dataset loaded: num_users=6040, num_items=3416, train_users=6040, valid_users=6040, test_users=6040
2026-03-25 15:27:32,618 - INFO - best model saved to ../outputs/best_sasrec.pt
2026-03-25 15:27:39,735 - INFO - no improvement, wait=1/20
2026-03-25 15:27:46,710 - INFO - no improvement, wait=2/20
2026-03-25 15:27:59,169 - INFO - start training
2026-03-25 15:27:59,169 - INFO - args: data_path=../data/movie-lens_1m.txt, batch_size=128, max_seq_len=50, hidden_dim=50, num_blocks=2, dropout=0.5, lr=0.001, epochs=2000, patience=20, topk=10, seed=42, debug=False, device=cpu
2026-03-25 15:28:00,661 - INFO - dataset loaded: num_users=6040, num_items=3416, train_users=6040, valid_users=6040, test_users=6040
2026-03-25 15:28:08,040 - INFO - best model saved to ../outputs/best_sasrec.pt
2026-03-25 15:32:04,503 - INFO - start training
2026-03-25 15:32:04,504 - INFO - args: data_path=../data/movie-lens_1m.txt, batch_size=128, max_seq_len=50, hidden_dim=50, num_blocks=2, dropout=0.5, lr=0.001, epochs=2000, patience=20, topk=10, seed=42, debug=False, device=cpu
2026-03-25 15:32:05,977 - INFO - dataset loaded: num_users=6040, num_items=3416, train_users=6040, valid_users=6040, test_users=6040
2026-03-25 15:32:13,564 - INFO - best model saved to ../outputs/best_sasrec.pt
2026-03-25 15:32:20,715 - INFO - best model saved to ../outputs/best_sasrec.pt
2026-03-25 15:32:28,011 - INFO - best model saved to ../outputs/best_sasrec.pt
2026-03-25 15:32:50,625 - INFO - start training
2026-03-25 15:32:50,625 - INFO - args: data_path=../data/movie-lens_1m.txt, batch_size=128, max_seq_len=50, hidden_dim=50, num_blocks=2, dropout=0.5, lr=0.001, epochs=2000, patience=20, topk=10, seed=42, debug=False, device=cpu
2026-03-25 15:32:52,138 - INFO - dataset loaded: num_users=6040, num_items=3416, train_users=6040, valid_users=6040, test_users=6040
2026-03-25 15:32:59,729 - INFO - best model saved to ../outputs/best_sasrec.pt
2026-03-25 15:33:06,925 - INFO - no improvement, wait=1/20
2026-03-25 15:33:14,160 - INFO - best model saved to ../outputs/best_sasrec.pt
2026-03-25 15:33:21,395 - INFO - best model saved to ../outputs/best_sasrec.pt
2026-03-25 15:33:28,751 - INFO - best model saved to ../outputs/best_sasrec.pt
2026-03-25 15:33:36,068 - INFO - best model saved to ../outputs/best_sasrec.pt
2026-03-25 15:33:43,505 - INFO - best model saved to ../outputs/best_sasrec.pt
2026-03-25 15:33:50,928 - INFO - best model saved to ../outputs/best_sasrec.pt
2026-03-25 15:33:58,374 - INFO - best model saved to ../outputs/best_sasrec.pt
2026-03-25 15:34:05,769 - INFO - best model saved to ../outputs/best_sasrec.pt
2026-03-25 15:34:13,036 - INFO - best model saved to ../outputs/best_sasrec.pt
2026-03-25 15:34:20,349 - INFO - best model saved to ../outputs/best_sasrec.pt
2026-03-25 15:34:27,617 - INFO - best model saved to ../outputs/best_sasrec.pt
2026-03-25 15:34:34,780 - INFO - best model saved to ../outputs/best_sasrec.pt
2026-03-25 15:34:42,115 - INFO - best model saved to ../outputs/best_sasrec.pt
2026-03-25 15:34:49,327 - INFO - best model saved to ../outputs/best_sasrec.pt
2026-03-25 15:34:56,520 - INFO - best model saved to ../outputs/best_sasrec.pt
2026-03-25 15:35:03,895 - INFO - best model saved to ../outputs/best_sasrec.pt
2026-03-25 15:35:11,233 - INFO - best model saved to ../outputs/best_sasrec.pt
2026-03-25 15:35:18,478 - INFO - best model saved to ../outputs/best_sasrec.pt
2026-03-25 15:35:25,787 - INFO - best model saved to ../outputs/best_sasrec.pt
2026-03-25 15:35:33,174 - INFO - best model saved to ../outputs/best_sasrec.pt
2026-03-25 15:35:40,540 - INFO - no improvement, wait=1/20
2026-03-25 15:35:47,898 - INFO - best model saved to ../outputs/best_sasrec.pt
2026-03-25 15:35:55,226 - INFO - best model saved to ../outputs/best_sasrec.pt
2026-03-25 15:36:02,541 - INFO - no improvement, wait=1/20
2026-03-25 15:36:09,896 - INFO - best model saved to ../outputs/best_sasrec.pt
2026-03-25 15:36:17,112 - INFO - no improvement, wait=1/20
2026-03-25 15:36:24,336 - INFO - best model saved to ../outputs/best_sasrec.pt
2026-03-25 15:36:31,651 - INFO - best model saved to ../outputs/best_sasrec.pt
2026-03-25 15:36:39,012 - INFO - best model saved to ../outputs/best_sasrec.pt
2026-03-25 15:36:46,640 - INFO - best model saved to ../outputs/best_sasrec.pt
2026-03-25 15:36:53,972 - INFO - best model saved to ../outputs/best_sasrec.pt
2026-03-25 15:37:01,350 - INFO - best model saved to ../outputs/best_sasrec.pt
2026-03-25 15:37:08,727 - INFO - best model saved to ../outputs/best_sasrec.pt
2026-03-25 15:37:16,184 - INFO - no improvement, wait=1/20
2026-03-25 15:37:23,368 - INFO - best model saved to ../outputs/best_sasrec.pt
2026-03-25 15:37:30,613 - INFO - no improvement, wait=1/20
2026-03-25 15:37:37,958 - INFO - best model saved to ../outputs/best_sasrec.pt
2026-03-25 15:37:45,288 - INFO - best model saved to ../outputs/best_sasrec.pt
2026-03-25 15:37:52,510 - INFO - no improvement, wait=1/20
2026-03-25 15:37:59,691 - INFO - no improvement, wait=2/20
2026-03-25 15:38:06,890 - INFO - no improvement, wait=3/20
2026-03-25 15:38:14,073 - INFO - no improvement, wait=4/20
2026-03-25 15:38:21,362 - INFO - best model saved to ../outputs/best_sasrec.pt
2026-03-25 15:38:28,681 - INFO - best model saved to ../outputs/best_sasrec.pt
2026-03-25 15:38:35,940 - INFO - best model saved to ../outputs/best_sasrec.pt
2026-03-25 15:38:43,091 - INFO - best model saved to ../outputs/best_sasrec.pt
2026-03-25 15:38:50,336 - INFO - best model saved to ../outputs/best_sasrec.pt
2026-03-25 15:38:57,683 - INFO - best model saved to ../outputs/best_sasrec.pt
2026-03-25 15:39:04,939 - INFO - no improvement, wait=1/20
2026-03-25 15:39:12,265 - INFO - no improvement, wait=2/20
2026-03-25 15:39:19,555 - INFO - no improvement, wait=3/20
2026-03-25 15:39:26,694 - INFO - best model saved to ../outputs/best_sasrec.pt
2026-03-25 15:39:33,866 - INFO - best model saved to ../outputs/best_sasrec.pt
2026-03-25 15:39:41,145 - INFO - best model saved to ../outputs/best_sasrec.pt
2026-03-25 15:39:48,476 - INFO - best model saved to ../outputs/best_sasrec.pt
2026-03-25 15:39:55,720 - INFO - no improvement, wait=1/20
2026-03-25 15:40:02,961 - INFO - best model saved to ../outputs/best_sasrec.pt
2026-03-25 15:40:10,257 - INFO - no improvement, wait=1/20
2026-03-25 15:40:17,527 - INFO - no improvement, wait=2/20
2026-03-25 15:40:24,822 - INFO - no improvement, wait=3/20
2026-03-25 15:40:32,098 - INFO - best model saved to ../outputs/best_sasrec.pt
2026-03-25 15:40:39,258 - INFO - best model saved to ../outputs/best_sasrec.pt
2026-03-25 15:40:46,545 - INFO - best model saved to ../outputs/best_sasrec.pt
2026-03-25 15:40:53,869 - INFO - no improvement, wait=1/20
2026-03-25 15:41:01,098 - INFO - best model saved to ../outputs/best_sasrec.pt
2026-03-25 15:41:08,434 - INFO - no improvement, wait=1/20
2026-03-25 15:41:15,719 - INFO - no improvement, wait=2/20
2026-03-25 15:41:22,989 - INFO - no improvement, wait=3/20
2026-03-25 15:41:30,533 - INFO - best model saved to ../outputs/best_sasrec.pt
2026-03-25 15:41:37,733 - INFO - best model saved to ../outputs/best_sasrec.pt
2026-03-25 15:41:44,926 - INFO - best model saved to ../outputs/best_sasrec.pt
2026-03-25 15:41:52,203 - INFO - best model saved to ../outputs/best_sasrec.pt
2026-03-25 15:41:59,545 - INFO - best model saved to ../outputs/best_sasrec.pt
2026-03-25 15:42:06,923 - INFO - no improvement, wait=1/20
2026-03-25 15:42:14,240 - INFO - no improvement, wait=2/20
2026-03-25 15:42:21,602 - INFO - best model saved to ../outputs/best_sasrec.pt
2026-03-25 15:42:28,927 - INFO - best model saved to ../outputs/best_sasrec.pt
2026-03-25 15:42:36,216 - INFO - no improvement, wait=1/20
2026-03-25 15:42:43,481 - INFO - no improvement, wait=2/20
2026-03-25 15:42:50,725 - INFO - no improvement, wait=3/20
2026-03-25 15:42:57,913 - INFO - no improvement, wait=4/20
2026-03-25 15:43:05,076 - INFO - no improvement, wait=5/20
2026-03-25 15:43:12,232 - INFO - no improvement, wait=6/20
2026-03-25 15:43:19,392 - INFO - no improvement, wait=7/20
2026-03-25 15:43:26,551 - INFO - best model saved to ../outputs/best_sasrec.pt
2026-03-25 15:43:33,707 - INFO - no improvement, wait=1/20
2026-03-25 15:43:40,828 - INFO - best model saved to ../outputs/best_sasrec.pt
2026-03-25 15:43:48,070 - INFO - best model saved to ../outputs/best_sasrec.pt
2026-03-25 15:43:55,357 - INFO - no improvement, wait=1/20
2026-03-25 15:44:02,689 - INFO - best model saved to ../outputs/best_sasrec.pt
2026-03-25 15:44:09,980 - INFO - no improvement, wait=1/20
2026-03-25 15:44:17,207 - INFO - no improvement, wait=2/20
2026-03-25 15:44:24,347 - INFO - best model saved to ../outputs/best_sasrec.pt
2026-03-25 15:44:31,535 - INFO - best model saved to ../outputs/best_sasrec.pt
2026-03-25 15:44:38,747 - INFO - best model saved to ../outputs/best_sasrec.pt
2026-03-25 15:44:45,909 - INFO - no improvement, wait=1/20
2026-03-25 15:44:53,105 - INFO - best model saved to ../outputs/best_sasrec.pt
2026-03-25 15:45:00,575 - INFO - no improvement, wait=1/20
2026-03-25 15:45:07,867 - INFO - best model saved to ../outputs/best_sasrec.pt
2026-03-25 15:45:15,093 - INFO - no improvement, wait=1/20
2026-03-25 15:45:22,260 - INFO - best model saved to ../outputs/best_sasrec.pt
2026-03-25 15:45:29,426 - INFO - best model saved to ../outputs/best_sasrec.pt
2026-03-25 15:45:36,644 - INFO - no improvement, wait=1/20
2026-03-25 15:45:43,787 - INFO - no improvement, wait=2/20
2026-03-25 15:45:50,942 - INFO - best model saved to ../outputs/best_sasrec.pt
2026-03-25 15:45:58,342 - INFO - no improvement, wait=1/20
2026-03-25 15:46:05,564 - INFO - no improvement, wait=2/20
2026-03-25 15:46:12,874 - INFO - no improvement, wait=3/20
2026-03-25 15:46:20,045 - INFO - no improvement, wait=4/20
2026-03-25 15:46:27,349 - INFO - no improvement, wait=5/20
2026-03-25 15:46:34,503 - INFO - no improvement, wait=6/20
2026-03-25 15:46:41,757 - INFO - best model saved to ../outputs/best_sasrec.pt
2026-03-25 15:46:48,950 - INFO - no improvement, wait=1/20
2026-03-25 15:46:56,299 - INFO - no improvement, wait=2/20
2026-03-25 15:47:03,558 - INFO - no improvement, wait=3/20
2026-03-25 15:47:10,773 - INFO - no improvement, wait=4/20
2026-03-25 15:47:18,150 - INFO - best model saved to ../outputs/best_sasrec.pt
2026-03-25 15:47:25,488 - INFO - no improvement, wait=1/20
2026-03-25 15:47:32,925 - INFO - no improvement, wait=2/20
2026-03-25 15:47:40,414 - INFO - no improvement, wait=3/20
2026-03-25 15:47:47,802 - INFO - no improvement, wait=4/20
2026-03-25 15:47:55,144 - INFO - no improvement, wait=5/20
2026-03-25 15:48:02,384 - INFO - no improvement, wait=6/20
2026-03-25 15:48:09,937 - INFO - no improvement, wait=7/20
2026-03-25 15:48:17,207 - INFO - no improvement, wait=8/20
2026-03-25 15:48:24,737 - INFO - best model saved to ../outputs/best_sasrec.pt
2026-03-25 15:48:32,172 - INFO - no improvement, wait=1/20
2026-03-25 15:48:39,685 - INFO - no improvement, wait=2/20
2026-03-25 15:48:47,142 - INFO - no improvement, wait=3/20
2026-03-25 15:48:54,413 - INFO - no improvement, wait=4/20
2026-03-25 15:49:01,708 - INFO - no improvement, wait=5/20
2026-03-25 15:49:08,917 - INFO - no improvement, wait=6/20
2026-03-25 15:49:16,146 - INFO - no improvement, wait=7/20
2026-03-25 15:49:23,349 - INFO - no improvement, wait=8/20
2026-03-25 15:49:30,593 - INFO - no improvement, wait=9/20
2026-03-25 15:49:37,867 - INFO - no improvement, wait=10/20
2026-03-25 15:49:45,322 - INFO - no improvement, wait=11/20
2026-03-25 15:49:52,536 - INFO - best model saved to ../outputs/best_sasrec.pt
2026-03-25 15:49:59,763 - INFO - no improvement, wait=1/20
2026-03-25 15:50:07,031 - INFO - best model saved to ../outputs/best_sasrec.pt
2026-03-25 15:50:14,233 - INFO - best model saved to ../outputs/best_sasrec.pt
2026-03-25 15:50:21,521 - INFO - no improvement, wait=1/20
2026-03-25 15:50:28,947 - INFO - no improvement, wait=2/20
2026-03-25 15:50:36,290 - INFO - best model saved to ../outputs/best_sasrec.pt
2026-03-25 15:50:43,782 - INFO - no improvement, wait=1/20
2026-03-25 15:50:51,291 - INFO - best model saved to ../outputs/best_sasrec.pt
2026-03-25 15:50:58,684 - INFO - best model saved to ../outputs/best_sasrec.pt
2026-03-25 15:51:06,118 - INFO - no improvement, wait=1/20
2026-03-25 15:51:13,549 - INFO - no improvement, wait=2/20
2026-03-25 15:51:20,948 - INFO - no improvement, wait=3/20
2026-03-25 15:51:28,221 - INFO - no improvement, wait=4/20
2026-03-25 15:51:35,563 - INFO - best model saved to ../outputs/best_sasrec.pt
2026-03-25 15:51:42,945 - INFO - no improvement, wait=1/20
2026-03-25 15:51:50,294 - INFO - best model saved to ../outputs/best_sasrec.pt
2026-03-25 15:51:57,570 - INFO - no improvement, wait=1/20
2026-03-25 15:52:05,097 - INFO - no improvement, wait=2/20
2026-03-25 15:52:12,517 - INFO - no improvement, wait=3/20
2026-03-25 15:52:19,825 - INFO - no improvement, wait=4/20
2026-03-25 15:52:27,062 - INFO - no improvement, wait=5/20
2026-03-25 15:52:34,430 - INFO - no improvement, wait=6/20
2026-03-25 15:52:41,767 - INFO - no improvement, wait=7/20
2026-03-25 15:52:49,216 - INFO - best model saved to ../outputs/best_sasrec.pt
2026-03-25 15:52:56,564 - INFO - no improvement, wait=1/20
2026-03-25 15:53:03,941 - INFO - no improvement, wait=2/20
2026-03-25 15:53:11,428 - INFO - no improvement, wait=3/20
2026-03-25 15:53:18,947 - INFO - no improvement, wait=4/20
2026-03-25 15:53:26,446 - INFO - no improvement, wait=5/20
2026-03-25 15:53:33,968 - INFO - no improvement, wait=6/20
2026-03-25 15:53:41,295 - INFO - no improvement, wait=7/20
2026-03-25 15:53:48,604 - INFO - no improvement, wait=8/20
2026-03-25 15:53:55,901 - INFO - no improvement, wait=9/20
2026-03-25 15:54:03,327 - INFO - no improvement, wait=10/20
2026-03-25 15:54:10,730 - INFO - no improvement, wait=11/20
2026-03-25 15:54:18,070 - INFO - no improvement, wait=12/20
2026-03-25 15:54:25,296 - INFO - no improvement, wait=13/20
2026-03-25 15:54:32,713 - INFO - no improvement, wait=14/20
2026-03-25 15:54:40,150 - INFO - best model saved to ../outputs/best_sasrec.pt
2026-03-25 15:54:47,629 - INFO - no improvement, wait=1/20
2026-03-25 15:54:55,116 - INFO - no improvement, wait=2/20
2026-03-25 15:55:02,645 - INFO - no improvement, wait=3/20
2026-03-25 15:55:10,035 - INFO - no improvement, wait=4/20
2026-03-25 15:55:17,401 - INFO - no improvement, wait=5/20
2026-03-25 15:55:24,776 - INFO - no improvement, wait=6/20
2026-03-25 15:55:32,251 - INFO - no improvement, wait=7/20
2026-03-25 15:55:39,568 - INFO - no improvement, wait=8/20
2026-03-25 15:55:46,865 - INFO - best model saved to ../outputs/best_sasrec.pt
2026-03-25 15:55:54,181 - INFO - no improvement, wait=1/20
2026-03-25 15:56:01,498 - INFO - no improvement, wait=2/20
2026-03-25 15:56:08,922 - INFO - no improvement, wait=3/20
2026-03-25 15:56:16,312 - INFO - no improvement, wait=4/20
2026-03-25 15:56:23,659 - INFO - no improvement, wait=5/20
2026-03-25 15:56:31,192 - INFO - no improvement, wait=6/20
2026-03-25 15:56:38,668 - INFO - no improvement, wait=7/20
2026-03-25 15:56:46,142 - INFO - no improvement, wait=8/20
2026-03-25 15:56:53,483 - INFO - no improvement, wait=9/20
2026-03-25 15:57:00,807 - INFO - no improvement, wait=10/20
2026-03-25 15:57:08,309 - INFO - best model saved to ../outputs/best_sasrec.pt
2026-03-25 15:57:15,763 - INFO - best model saved to ../outputs/best_sasrec.pt
2026-03-25 15:57:23,122 - INFO - no improvement, wait=1/20
2026-03-25 15:57:30,640 - INFO - no improvement, wait=2/20
2026-03-25 15:57:38,011 - INFO - no improvement, wait=3/20
2026-03-25 15:57:45,346 - INFO - no improvement, wait=4/20
2026-03-25 15:57:52,612 - INFO - no improvement, wait=5/20
2026-03-25 15:58:00,019 - INFO - no improvement, wait=6/20
2026-03-25 15:58:07,309 - INFO - no improvement, wait=7/20
2026-03-25 15:58:14,566 - INFO - no improvement, wait=8/20
2026-03-25 15:58:21,824 - INFO - no improvement, wait=9/20
2026-03-25 15:58:29,209 - INFO - no improvement, wait=10/20
2026-03-25 15:58:36,526 - INFO - no improvement, wait=11/20
2026-03-25 15:58:43,776 - INFO - no improvement, wait=12/20
2026-03-25 15:58:51,083 - INFO - no improvement, wait=13/20
2026-03-25 15:58:58,341 - INFO - best model saved to ../outputs/best_sasrec.pt
2026-03-25 15:59:05,648 - INFO - no improvement, wait=1/20
2026-03-25 15:59:12,983 - INFO - no improvement, wait=2/20
2026-03-25 15:59:20,280 - INFO - no improvement, wait=3/20
2026-03-25 15:59:27,572 - INFO - best model saved to ../outputs/best_sasrec.pt
2026-03-25 15:59:34,871 - INFO - no improvement, wait=1/20
2026-03-25 15:59:42,197 - INFO - no improvement, wait=2/20
2026-03-25 15:59:49,472 - INFO - no improvement, wait=3/20
2026-03-25 15:59:56,847 - INFO - no improvement, wait=4/20
2026-03-25 16:00:04,168 - INFO - best model saved to ../outputs/best_sasrec.pt
2026-03-25 16:00:11,477 - INFO - no improvement, wait=1/20
2026-03-25 16:00:18,758 - INFO - best model saved to ../outputs/best_sasrec.pt
2026-03-25 16:00:25,978 - INFO - no improvement, wait=1/20
2026-03-25 16:00:33,214 - INFO - no improvement, wait=2/20
2026-03-25 16:00:40,542 - INFO - no improvement, wait=3/20
2026-03-25 16:00:47,772 - INFO - no improvement, wait=4/20
2026-03-25 16:00:55,010 - INFO - no improvement, wait=5/20
2026-03-25 16:01:02,542 - INFO - no improvement, wait=6/20
2026-03-25 16:01:09,876 - INFO - no improvement, wait=7/20
2026-03-25 16:01:17,139 - INFO - no improvement, wait=8/20
2026-03-25 16:01:24,407 - INFO - no improvement, wait=9/20
2026-03-25 16:01:31,730 - INFO - no improvement, wait=10/20
2026-03-25 16:01:38,953 - INFO - no improvement, wait=11/20
2026-03-25 16:01:46,202 - INFO - no improvement, wait=12/20
2026-03-25 16:01:53,437 - INFO - no improvement, wait=13/20
2026-03-25 16:02:00,719 - INFO - no improvement, wait=14/20
2026-03-25 16:02:07,965 - INFO - no improvement, wait=15/20
2026-03-25 16:02:15,294 - INFO - no improvement, wait=16/20
2026-03-25 16:02:22,525 - INFO - no improvement, wait=17/20
2026-03-25 16:02:29,883 - INFO - no improvement, wait=18/20
2026-03-25 16:02:37,236 - INFO - no improvement, wait=19/20
2026-03-25 16:02:44,594 - INFO - best model saved to ../outputs/best_sasrec.pt
2026-03-25 16:02:51,892 - INFO - best model saved to ../outputs/best_sasrec.pt
2026-03-25 16:02:59,220 - INFO - no improvement, wait=1/20
2026-03-25 16:03:06,557 - INFO - no improvement, wait=2/20
2026-03-25 16:03:13,791 - INFO - no improvement, wait=3/20
2026-03-25 16:03:21,039 - INFO - no improvement, wait=4/20
2026-03-25 16:03:28,400 - INFO - no improvement, wait=5/20
2026-03-25 16:03:35,736 - INFO - no improvement, wait=6/20
2026-03-25 16:03:43,066 - INFO - no improvement, wait=7/20
2026-03-25 16:03:50,359 - INFO - no improvement, wait=8/20
2026-03-25 16:03:57,613 - INFO - no improvement, wait=9/20
2026-03-25 16:04:04,916 - INFO - no improvement, wait=10/20
2026-03-25 16:04:12,150 - INFO - no improvement, wait=11/20
2026-03-25 16:04:19,402 - INFO - no improvement, wait=12/20
2026-03-25 16:04:26,686 - INFO - no improvement, wait=13/20
2026-03-25 16:04:33,967 - INFO - no improvement, wait=14/20
2026-03-25 16:04:41,266 - INFO - no improvement, wait=15/20
2026-03-25 16:04:48,529 - INFO - no improvement, wait=16/20
2026-03-25 16:04:55,878 - INFO - no improvement, wait=17/20
2026-03-25 16:05:03,215 - INFO - best model saved to ../outputs/best_sasrec.pt
2026-03-25 16:05:10,479 - INFO - no improvement, wait=1/20
2026-03-25 16:05:17,708 - INFO - no improvement, wait=2/20
2026-03-25 16:05:24,972 - INFO - no improvement, wait=3/20
2026-03-25 16:05:32,255 - INFO - no improvement, wait=4/20
2026-03-25 16:05:39,518 - INFO - no improvement, wait=5/20
2026-03-25 16:05:46,731 - INFO - no improvement, wait=6/20
2026-03-25 16:05:53,969 - INFO - no improvement, wait=7/20
2026-03-25 16:06:01,233 - INFO - best model saved to ../outputs/best_sasrec.pt
2026-03-25 16:06:08,509 - INFO - no improvement, wait=1/20
2026-03-25 16:06:15,756 - INFO - no improvement, wait=2/20
2026-03-25 16:06:23,272 - INFO - best model saved to ../outputs/best_sasrec.pt
2026-03-25 16:06:30,667 - INFO - no improvement, wait=1/20
2026-03-25 16:06:38,091 - INFO - no improvement, wait=2/20
2026-03-25 16:06:45,294 - INFO - no improvement, wait=3/20
2026-03-25 16:06:52,627 - INFO - no improvement, wait=4/20
2026-03-25 16:07:00,204 - INFO - no improvement, wait=5/20
2026-03-25 16:07:07,481 - INFO - no improvement, wait=6/20
2026-03-25 16:07:14,865 - INFO - no improvement, wait=7/20
2026-03-25 16:07:22,159 - INFO - best model saved to ../outputs/best_sasrec.pt
2026-03-25 16:07:29,507 - INFO - no improvement, wait=1/20
2026-03-25 16:07:36,864 - INFO - no improvement, wait=2/20
2026-03-25 16:07:44,265 - INFO - no improvement, wait=3/20
2026-03-25 16:07:51,559 - INFO - no improvement, wait=4/20
2026-03-25 16:07:58,959 - INFO - no improvement, wait=5/20
2026-03-25 16:08:06,297 - INFO - no improvement, wait=6/20
2026-03-25 16:08:13,620 - INFO - no improvement, wait=7/20
2026-03-25 16:08:20,950 - INFO - no improvement, wait=8/20
2026-03-25 16:08:28,175 - INFO - no improvement, wait=9/20
2026-03-25 16:08:35,513 - INFO - no improvement, wait=10/20
2026-03-25 16:08:42,825 - INFO - no improvement, wait=11/20
2026-03-25 16:08:50,097 - INFO - no improvement, wait=12/20
2026-03-25 16:08:57,415 - INFO - best model saved to ../outputs/best_sasrec.pt
2026-03-25 16:09:04,657 - INFO - no improvement, wait=1/20
2026-03-25 16:09:11,885 - INFO - no improvement, wait=2/20
2026-03-25 16:09:19,189 - INFO - best model saved to ../outputs/best_sasrec.pt
2026-03-25 16:09:26,457 - INFO - no improvement, wait=1/20
2026-03-25 16:09:33,754 - INFO - no improvement, wait=2/20
2026-03-25 16:09:41,097 - INFO - no improvement, wait=3/20
2026-03-25 16:09:48,330 - INFO - no improvement, wait=4/20
2026-03-25 16:09:55,552 - INFO - no improvement, wait=5/20
2026-03-25 16:10:02,777 - INFO - no improvement, wait=6/20
2026-03-25 16:10:09,973 - INFO - no improvement, wait=7/20
2026-03-25 16:10:17,173 - INFO - no improvement, wait=8/20
2026-03-25 16:10:24,465 - INFO - no improvement, wait=9/20
2026-03-25 16:10:31,668 - INFO - no improvement, wait=10/20
2026-03-25 16:10:38,981 - INFO - no improvement, wait=11/20
2026-03-25 16:10:46,258 - INFO - no improvement, wait=12/20
2026-03-25 16:10:53,569 - INFO - no improvement, wait=13/20
2026-03-25 16:11:00,804 - INFO - no improvement, wait=14/20
2026-03-25 16:11:08,020 - INFO - no improvement, wait=15/20
2026-03-25 16:11:15,273 - INFO - no improvement, wait=16/20
2026-03-25 16:11:22,527 - INFO - no improvement, wait=17/20
2026-03-25 16:11:29,750 - INFO - no improvement, wait=18/20
2026-03-25 16:11:37,103 - INFO - no improvement, wait=19/20
2026-03-25 16:11:44,432 - INFO - no improvement, wait=20/20
2026-03-25 16:11:44,432 - INFO - early stopping triggered
2026-03-25 16:11:44,433 - INFO - load best model: valid_recall@10=0.766225, valid_ndcg@10=0.505476
2026-03-25 16:36:25,459 - INFO - start training
2026-03-25 16:36:25,459 - INFO - args: data_path=../data/movie-lens_1m.txt, batch_size=128, max_seq_len=50, hidden_dim=50, num_blocks=2, dropout=0.5, lr=0.001, epochs=2000, patience=20, topk=10, seed=42, debug=False, device=cpu
2026-03-25 16:36:26,949 - INFO - dataset loaded: num_users=6040, num_items=3416, train_users=6040, valid_users=6040, test_users=6040
2026-03-25 16:36:34,644 - INFO - best model saved to ../outputs/best_sasrec.pt
2026-03-25 16:36:42,021 - INFO - best model saved to ../outputs/best_sasrec.pt
2026-03-25 16:36:49,238 - INFO - best model saved to ../outputs/best_sasrec.pt
2026-03-25 16:36:56,399 - INFO - best model saved to ../outputs/best_sasrec.pt
2026-03-25 16:37:03,570 - INFO - best model saved to ../outputs/best_sasrec.pt
2026-03-25 16:37:10,699 - INFO - best model saved to ../outputs/best_sasrec.pt
2026-03-25 16:37:17,958 - INFO - best model saved to ../outputs/best_sasrec.pt
2026-03-25 16:37:25,118 - INFO - best model saved to ../outputs/best_sasrec.pt
2026-03-25 16:37:32,556 - INFO - best model saved to ../outputs/best_sasrec.pt
2026-03-25 16:37:40,097 - INFO - best model saved to ../outputs/best_sasrec.pt
2026-03-25 16:37:47,524 - INFO - no improvement, wait=1/20
2026-03-25 16:37:54,787 - INFO - best model saved to ../outputs/best_sasrec.pt
2026-03-25 16:38:02,016 - INFO - best model saved to ../outputs/best_sasrec.pt
2026-03-25 16:38:09,314 - INFO - best model saved to ../outputs/best_sasrec.pt
2026-03-25 16:38:16,712 - INFO - no improvement, wait=1/20
2026-03-25 16:38:24,197 - INFO - best model saved to ../outputs/best_sasrec.pt
2026-03-25 16:38:31,496 - INFO - best model saved to ../outputs/best_sasrec.pt
2026-03-25 16:38:38,893 - INFO - best model saved to ../outputs/best_sasrec.pt
2026-03-25 16:38:46,260 - INFO - no improvement, wait=1/20
2026-03-25 16:38:53,660 - INFO - best model saved to ../outputs/best_sasrec.pt
2026-03-25 16:39:01,040 - INFO - best model saved to ../outputs/best_sasrec.pt
2026-03-25 16:39:08,444 - INFO - best model saved to ../outputs/best_sasrec.pt
2026-03-25 16:39:15,664 - INFO - no improvement, wait=1/20
2026-03-25 16:39:22,843 - INFO - best model saved to ../outputs/best_sasrec.pt
2026-03-25 16:39:30,023 - INFO - best model saved to ../outputs/best_sasrec.pt
2026-03-25 16:39:37,179 - INFO - best model saved to ../outputs/best_sasrec.pt
2026-03-25 16:39:44,395 - INFO - no improvement, wait=1/20
2026-03-25 16:39:51,696 - INFO - no improvement, wait=2/20
2026-03-25 16:39:59,122 - INFO - no improvement, wait=3/20
2026-03-25 16:40:06,808 - INFO - no improvement, wait=4/20
2026-03-25 16:40:14,169 - INFO - no improvement, wait=5/20
2026-03-25 16:40:21,239 - INFO - no improvement, wait=6/20
2026-03-25 16:40:28,297 - INFO - no improvement, wait=7/20
2026-03-25 16:40:35,513 - INFO - no improvement, wait=8/20
2026-03-25 16:40:42,821 - INFO - no improvement, wait=9/20
2026-03-25 16:40:50,051 - INFO - best model saved to ../outputs/best_sasrec.pt
2026-03-25 16:40:57,251 - INFO - no improvement, wait=1/20
2026-03-25 16:41:04,468 - INFO - best model saved to ../outputs/best_sasrec.pt
2026-03-25 16:41:11,714 - INFO - no improvement, wait=1/20
2026-03-25 16:41:18,955 - INFO - no improvement, wait=2/20
2026-03-25 16:41:26,294 - INFO - no improvement, wait=3/20
2026-03-25 16:41:33,499 - INFO - no improvement, wait=4/20
2026-03-25 16:41:40,616 - INFO - no improvement, wait=5/20
2026-03-25 16:41:47,758 - INFO - no improvement, wait=6/20
2026-03-25 16:41:54,892 - INFO - no improvement, wait=7/20
2026-03-25 16:42:02,082 - INFO - no improvement, wait=8/20
2026-03-25 16:42:09,256 - INFO - no improvement, wait=9/20
2026-03-25 16:42:16,535 - INFO - best model saved to ../outputs/best_sasrec.pt
2026-03-25 16:42:23,811 - INFO - best model saved to ../outputs/best_sasrec.pt
2026-03-25 16:42:31,098 - INFO - no improvement, wait=1/20
2026-03-25 16:42:38,418 - INFO - best model saved to ../outputs/best_sasrec.pt
2026-03-25 16:42:45,763 - INFO - best model saved to ../outputs/best_sasrec.pt
2026-03-25 16:42:53,011 - INFO - no improvement, wait=1/20
2026-03-25 16:43:00,180 - INFO - best model saved to ../outputs/best_sasrec.pt
2026-03-25 16:43:07,342 - INFO - best model saved to ../outputs/best_sasrec.pt
2026-03-25 16:43:14,601 - INFO - best model saved to ../outputs/best_sasrec.pt
2026-03-25 16:43:21,941 - INFO - best model saved to ../outputs/best_sasrec.pt
2026-03-25 16:43:29,078 - INFO - no improvement, wait=1/20
2026-03-25 16:43:36,258 - INFO - best model saved to ../outputs/best_sasrec.pt
2026-03-25 16:43:43,506 - INFO - best model saved to ../outputs/best_sasrec.pt
2026-03-25 16:43:50,690 - INFO - no improvement, wait=1/20
2026-03-25 16:43:57,910 - INFO - no improvement, wait=2/20
2026-03-25 16:44:05,194 - INFO - no improvement, wait=3/20
2026-03-25 16:44:12,424 - INFO - no improvement, wait=4/20
2026-03-25 16:44:19,681 - INFO - best model saved to ../outputs/best_sasrec.pt
2026-03-25 16:44:27,036 - INFO - no improvement, wait=1/20
2026-03-25 16:44:34,437 - INFO - best model saved to ../outputs/best_sasrec.pt
2026-03-25 16:44:41,598 - INFO - best model saved to ../outputs/best_sasrec.pt
2026-03-25 16:44:48,815 - INFO - best model saved to ../outputs/best_sasrec.pt
2026-03-25 16:44:56,039 - INFO - best model saved to ../outputs/best_sasrec.pt
2026-03-25 16:45:03,292 - INFO - no improvement, wait=1/20
2026-03-25 16:45:10,460 - INFO - no improvement, wait=2/20
2026-03-25 16:45:17,657 - INFO - best model saved to ../outputs/best_sasrec.pt
2026-03-25 16:45:24,899 - INFO - best model saved to ../outputs/best_sasrec.pt
2026-03-25 16:45:32,109 - INFO - no improvement, wait=1/20
2026-03-25 16:45:39,308 - INFO - best model saved to ../outputs/best_sasrec.pt
2026-03-25 16:45:46,474 - INFO - best model saved to ../outputs/best_sasrec.pt
2026-03-25 16:45:53,730 - INFO - best model saved to ../outputs/best_sasrec.pt
2026-03-25 16:46:00,945 - INFO - best model saved to ../outputs/best_sasrec.pt
2026-03-25 16:46:08,193 - INFO - best model saved to ../outputs/best_sasrec.pt
2026-03-25 16:46:15,398 - INFO - best model saved to ../outputs/best_sasrec.pt
2026-03-25 16:46:22,612 - INFO - no improvement, wait=1/20
2026-03-25 16:46:29,894 - INFO - no improvement, wait=2/20
2026-03-25 16:46:37,210 - INFO - no improvement, wait=3/20
2026-03-25 16:46:44,354 - INFO - best model saved to ../outputs/best_sasrec.pt
2026-03-25 16:46:51,533 - INFO - no improvement, wait=1/20
2026-03-25 16:46:58,715 - INFO - no improvement, wait=2/20
2026-03-25 16:47:05,923 - INFO - no improvement, wait=3/20
2026-03-25 16:47:13,083 - INFO - best model saved to ../outputs/best_sasrec.pt
2026-03-25 16:47:20,419 - INFO - best model saved to ../outputs/best_sasrec.pt
2026-03-25 16:47:27,630 - INFO - no improvement, wait=1/20
2026-03-25 16:47:34,962 - INFO - best model saved to ../outputs/best_sasrec.pt
2026-03-25 16:47:42,293 - INFO - no improvement, wait=1/20
2026-03-25 16:47:49,603 - INFO - best model saved to ../outputs/best_sasrec.pt
2026-03-25 16:47:56,875 - INFO - best model saved to ../outputs/best_sasrec.pt
2026-03-25 16:48:04,070 - INFO - no improvement, wait=1/20
2026-03-25 16:48:11,267 - INFO - best model saved to ../outputs/best_sasrec.pt
2026-03-25 16:48:18,509 - INFO - best model saved to ../outputs/best_sasrec.pt
2026-03-25 16:48:25,879 - INFO - best model saved to ../outputs/best_sasrec.pt
2026-03-25 16:48:33,063 - INFO - best model saved to ../outputs/best_sasrec.pt
2026-03-25 16:48:40,319 - INFO - no improvement, wait=1/20
2026-03-25 16:48:47,745 - INFO - no improvement, wait=2/20
2026-03-25 16:48:55,003 - INFO - best model saved to ../outputs/best_sasrec.pt
2026-03-25 16:49:02,224 - INFO - no improvement, wait=1/20
2026-03-25 16:49:09,461 - INFO - best model saved to ../outputs/best_sasrec.pt
2026-03-25 16:49:16,691 - INFO - no improvement, wait=1/20
2026-03-25 16:49:24,014 - INFO - best model saved to ../outputs/best_sasrec.pt
2026-03-25 16:49:31,306 - INFO - best model saved to ../outputs/best_sasrec.pt
2026-03-25 16:49:38,491 - INFO - best model saved to ../outputs/best_sasrec.pt
2026-03-25 16:49:45,650 - INFO - no improvement, wait=1/20
2026-03-25 16:49:52,807 - INFO - no improvement, wait=2/20
2026-03-25 16:50:00,073 - INFO - best model saved to ../outputs/best_sasrec.pt
2026-03-25 16:50:07,331 - INFO - best model saved to ../outputs/best_sasrec.pt
2026-03-25 16:50:14,584 - INFO - best model saved to ../outputs/best_sasrec.pt
2026-03-25 16:50:21,896 - INFO - best model saved to ../outputs/best_sasrec.pt
2026-03-25 16:50:29,198 - INFO - no improvement, wait=1/20
2026-03-25 16:50:36,686 - INFO - best model saved to ../outputs/best_sasrec.pt
2026-03-25 16:50:44,084 - INFO - no improvement, wait=1/20
2026-03-25 16:50:51,458 - INFO - no improvement, wait=2/20
2026-03-25 16:50:58,830 - INFO - best model saved to ../outputs/best_sasrec.pt
2026-03-25 16:51:06,173 - INFO - no improvement, wait=1/20
2026-03-25 16:51:13,524 - INFO - best model saved to ../outputs/best_sasrec.pt
2026-03-25 16:51:20,938 - INFO - no improvement, wait=1/20
2026-03-25 16:51:28,332 - INFO - best model saved to ../outputs/best_sasrec.pt
2026-03-25 16:51:35,593 - INFO - best model saved to ../outputs/best_sasrec.pt
2026-03-25 16:51:42,857 - INFO - best model saved to ../outputs/best_sasrec.pt
2026-03-25 16:51:50,011 - INFO - best model saved to ../outputs/best_sasrec.pt
2026-03-25 16:51:57,182 - INFO - no improvement, wait=1/20
2026-03-25 16:52:04,430 - INFO - no improvement, wait=2/20
2026-03-25 16:52:11,674 - INFO - best model saved to ../outputs/best_sasrec.pt
2026-03-25 16:52:18,973 - INFO - best model saved to ../outputs/best_sasrec.pt
2026-03-25 16:52:26,132 - INFO - best model saved to ../outputs/best_sasrec.pt
2026-03-25 16:52:33,446 - INFO - no improvement, wait=1/20
2026-03-25 16:52:40,757 - INFO - best model saved to ../outputs/best_sasrec.pt
2026-03-25 16:52:48,060 - INFO - no improvement, wait=1/20
2026-03-25 16:52:55,405 - INFO - best model saved to ../outputs/best_sasrec.pt
2026-03-25 16:53:02,942 - INFO - no improvement, wait=1/20
2026-03-25 16:53:10,217 - INFO - no improvement, wait=2/20
2026-03-25 16:53:17,519 - INFO - no improvement, wait=3/20
2026-03-25 16:53:24,809 - INFO - no improvement, wait=4/20
2026-03-25 16:53:32,321 - INFO - no improvement, wait=5/20
2026-03-25 16:53:39,596 - INFO - no improvement, wait=6/20
2026-03-25 16:53:47,030 - INFO - best model saved to ../outputs/best_sasrec.pt
2026-03-25 16:53:54,382 - INFO - best model saved to ../outputs/best_sasrec.pt
2026-03-25 16:54:01,665 - INFO - no improvement, wait=1/20
2026-03-25 16:54:09,083 - INFO - no improvement, wait=2/20
2026-03-25 16:54:16,520 - INFO - no improvement, wait=3/20
2026-03-25 16:54:23,699 - INFO - no improvement, wait=4/20
2026-03-25 16:54:30,859 - INFO - no improvement, wait=5/20
2026-03-25 16:54:37,985 - INFO - no improvement, wait=6/20
2026-03-25 16:54:45,138 - INFO - no improvement, wait=7/20
2026-03-25 16:54:52,285 - INFO - best model saved to ../outputs/best_sasrec.pt
2026-03-25 16:54:59,448 - INFO - no improvement, wait=1/20
2026-03-25 16:55:06,581 - INFO - best model saved to ../outputs/best_sasrec.pt
2026-03-25 16:55:13,714 - INFO - no improvement, wait=1/20
2026-03-25 16:55:20,862 - INFO - no improvement, wait=2/20
2026-03-25 16:55:28,013 - INFO - no improvement, wait=3/20
2026-03-25 16:55:35,203 - INFO - no improvement, wait=4/20
2026-03-25 16:55:42,578 - INFO - no improvement, wait=5/20
2026-03-25 16:55:50,023 - INFO - no improvement, wait=6/20
2026-03-25 16:55:57,262 - INFO - no improvement, wait=7/20
2026-03-25 16:56:04,621 - INFO - no improvement, wait=8/20
2026-03-25 16:56:11,917 - INFO - no improvement, wait=9/20
2026-03-25 16:56:19,144 - INFO - no improvement, wait=10/20
2026-03-25 16:56:26,315 - INFO - no improvement, wait=11/20
2026-03-25 16:56:33,510 - INFO - no improvement, wait=12/20
2026-03-25 16:56:40,943 - INFO - no improvement, wait=13/20
2026-03-25 16:56:48,325 - INFO - no improvement, wait=14/20
2026-03-25 16:56:55,498 - INFO - no improvement, wait=15/20
2026-03-25 16:57:02,694 - INFO - no improvement, wait=16/20
2026-03-25 16:57:09,849 - INFO - no improvement, wait=17/20
2026-03-25 16:57:17,072 - INFO - no improvement, wait=18/20
2026-03-25 16:57:24,293 - INFO - no improvement, wait=19/20
2026-03-25 16:57:31,701 - INFO - no improvement, wait=20/20
2026-03-25 16:57:31,701 - INFO - early stopping triggered
2026-03-25 16:57:31,701 - INFO - load best model: valid_recall@10=0.407119, valid_ndcg@10=0.217607
2026-03-25 17:48:36,815 - INFO - start training
2026-03-25 17:48:36,815 - INFO - args: data_path=../data/movie-lens_1m.txt, batch_size=128, max_seq_len=50, hidden_dim=50, num_blocks=2, dropout=0.5, lr=0.001, epochs=2000, patience=20, topk=10, seed=42, debug=False, device=cpu
2026-03-25 17:48:38,333 - INFO - dataset loaded: num_users=6040, num_items=3416, train_users=6040, valid_users=6040, test_users=6040
2026-03-25 17:48:45,936 - INFO - best model saved to ../outputs/best_sasrec.pt
2026-03-25 17:48:53,008 - INFO - best model saved to ../outputs/best_sasrec.pt
2026-03-25 17:49:00,286 - INFO - best model saved to ../outputs/best_sasrec.pt
2026-03-25 17:49:07,685 - INFO - best model saved to ../outputs/best_sasrec.pt
2026-03-25 17:49:15,089 - INFO - best model saved to ../outputs/best_sasrec.pt
2026-03-25 17:49:22,645 - INFO - best model saved to ../outputs/best_sasrec.pt
2026-03-25 17:49:30,099 - INFO - best model saved to ../outputs/best_sasrec.pt
2026-03-25 17:49:37,537 - INFO - best model saved to ../outputs/best_sasrec.pt
2026-03-25 17:49:44,907 - INFO - best model saved to ../outputs/best_sasrec.pt
2026-03-25 17:49:52,129 - INFO - best model saved to ../outputs/best_sasrec.pt
2026-03-25 17:49:59,412 - INFO - best model saved to ../outputs/best_sasrec.pt
2026-03-25 17:50:06,711 - INFO - best model saved to ../outputs/best_sasrec.pt
2026-03-25 17:50:14,019 - INFO - best model saved to ../outputs/best_sasrec.pt
2026-03-25 17:50:21,558 - INFO - best model saved to ../outputs/best_sasrec.pt
2026-03-25 17:50:29,107 - INFO - best model saved to ../outputs/best_sasrec.pt
2026-03-25 17:50:36,695 - INFO - best model saved to ../outputs/best_sasrec.pt
2026-03-25 17:50:44,258 - INFO - best model saved to ../outputs/best_sasrec.pt
2026-03-25 17:50:51,827 - INFO - best model saved to ../outputs/best_sasrec.pt
2026-03-25 17:50:59,536 - INFO - best model saved to ../outputs/best_sasrec.pt
2026-03-25 17:51:06,912 - INFO - best model saved to ../outputs/best_sasrec.pt
2026-03-25 17:51:14,249 - INFO - no improvement, wait=1/20
