2026-03-24 17:28:33,884 - INFO - epoch=1 train_loss=6.828848 recall@50=0.034527 ndcg@50=0.015395
2026-03-24 17:28:33,894 - INFO - new best recall@50=0.034527, model saved
2026-03-24 17:29:01,698 - INFO - epoch=2 train_loss=6.649990 recall@50=0.056976 ndcg@50=0.026170
2026-03-24 17:29:01,703 - INFO - new best recall@50=0.056976, model saved
2026-03-24 17:29:30,979 - INFO - epoch=3 train_loss=6.579353 recall@50=0.077147 ndcg@50=0.034765
2026-03-24 17:29:30,985 - INFO - new best recall@50=0.077147, model saved
2026-03-24 17:29:59,331 - INFO - epoch=4 train_loss=6.527051 recall@50=0.084779 ndcg@50=0.038192
2026-03-24 17:29:59,336 - INFO - new best recall@50=0.084779, model saved
2026-03-24 17:30:28,875 - INFO - epoch=5 train_loss=6.490226 recall@50=0.087141 ndcg@50=0.038847
2026-03-24 17:30:28,881 - INFO - new best recall@50=0.087141, model saved
2026-03-24 17:30:57,482 - INFO - epoch=6 train_loss=6.469489 recall@50=0.086023 ndcg@50=0.038472
2026-03-24 17:30:57,482 - INFO - no improvement, wait=1/3
2026-03-24 17:31:27,265 - INFO - epoch=7 train_loss=6.452869 recall@50=0.092797 ndcg@50=0.041757
2026-03-24 17:31:27,270 - INFO - new best recall@50=0.092797, model saved
2026-03-24 17:31:56,322 - INFO - epoch=8 train_loss=6.440506 recall@50=0.088544 ndcg@50=0.039155
2026-03-24 17:31:56,322 - INFO - no improvement, wait=1/3
2026-03-24 17:32:26,262 - INFO - epoch=9 train_loss=6.429957 recall@50=0.090511 ndcg@50=0.040935
2026-03-24 17:32:26,262 - INFO - no improvement, wait=2/3
2026-03-24 17:32:53,679 - INFO - epoch=10 train_loss=6.421870 recall@50=0.094285 ndcg@50=0.042159
2026-03-24 17:32:53,685 - INFO - new best recall@50=0.094285, model saved
2026-03-24 17:33:21,342 - INFO - epoch=11 train_loss=6.415022 recall@50=0.093024 ndcg@50=0.041009
2026-03-24 17:33:21,342 - INFO - no improvement, wait=1/3
2026-03-24 17:33:48,887 - INFO - epoch=12 train_loss=6.407571 recall@50=0.089990 ndcg@50=0.040270
2026-03-24 17:33:48,887 - INFO - no improvement, wait=2/3
2026-03-24 17:34:16,659 - INFO - epoch=13 train_loss=6.402626 recall@50=0.094058 ndcg@50=0.041252
2026-03-24 17:34:16,659 - INFO - no improvement, wait=3/3
2026-03-24 17:34:16,659 - INFO - early stopping triggered
2026-03-24 17:34:16,659 - INFO - best_recall@50=0.094285
